[porto-demo2.myshopify.com/index.html]
[backblue.gif]
[fade.gif]
[index.html]
[cdn.shopify.com/s/files/1/1612/9747/t/42/assets/plugins9cb0.css]
[cdn.shopify.com/s/files/1/1612/9747/t/42/assets/ultramegamenuee67.css]
[cdn.shopify.com/s/files/1/1612/9747/t/42/assets/styles620b.css]
[cdn.shopify.com/s/files/1/1612/9747/t/42/assets/header-type27772.css]
[cdn.shopify.com/s/files/1/1612/9747/t/42/assets/homepage63e3.css]
[cdn.shopify.com/s/files/1/1612/9747/t/42/assets/product-list073e.css]
[cdn.shopify.com/s/files/1/1612/9747/t/42/assets/responsive4f24.css]
[cdn.shopify.com/s/files/1/1612/9747/t/42/assets/configec3b.css]
[porto-demo2.myshopify.com/de.html]
[cdn.shopify.com/shopifycloud/storefront-recaptcha-v3/v0.6/index.js]
[porto-demo2.myshopify.com/fr.html]
[cdn.shopify.com/shopifycloud/shopify/assets/storefront/load_feature-37a17a663bce00c3e1703d247d958d410831e9e5dac457e1e9aa9f37481e2eb5.js]
[cdn.shopify.com/shopifycloud/shopify/assets/storefront/features-87e8399988880142f2c62771b9d8f2ff6c290b3ff745dd426eb0dfe0db9d1dae.js]
[cdn.shopify.com/s/files/1/1612/9747/t/42/compiled_assets/stylese8df.css]
[porto-demo2.myshopify.com/POST]
[cdn.shopify.com/s/trekkie.storefront.895d46718ded6fc0a87679def5a003038d4e409b.min.js]
[cdn.shopify.com/s/files/1/1612/9747/t/42/assets/vendore456.js]
[cdn.shopify.com/shopifycloud/shopify/assets/shop_events_listener-fa61fd11817b231631d2fe43dc869d0b1d14a06332792d42f1a1d94bda5aa31e.js]
[cdn.shopify.com/shopifycloud/boomerang/shopify-boomerang-1.0.0.min.js]
[porto-demo2.myshopify.com/account/login4236.html]
[porto-demo2.myshopify.com/pages/about-us.html]
[porto-demo2.myshopify.com/blogs/news.html]
[porto-demo2.myshopify.com/cart.html]
[porto-demo2.myshopify.com/account/login.html]
[cdn.shopify.com/s/files/1/1612/9747/t/42/assets/en1146.png]
[cdn.shopify.com/s/files/1/1612/9747/t/42/assets/de1541.png]
[cdn.shopify.com/s/files/1/1612/9747/t/42/assets/frff76.png]
[cdn.shopify.com/s/files/1/1612/9747/t/42/assets/logo_white_new4426.png]
[porto-demo2.myshopify.com/collections/best-selling-products.html]
[porto-demo2.myshopify.com/collections/blouse.html]
[porto-demo2.myshopify.com/collections/dress.html]
[porto-demo2.myshopify.com/collections/electronics.html]
[porto-demo2.myshopify.com/collections/featured-products.html]
[porto-demo2.myshopify.com/collections/latest-products.html]
[porto-demo2.myshopify.com/collections/shop.html]
[porto-demo2.myshopify.com/collections/top-rated-products.html]
[porto-demo2.myshopify.com/collections/watches.html]
[cdn.shopify.com/s/files/1/1612/9747/files/shop2_header_phone.png]
[cdn.shopify.com/s/files/1/1613/0109/files/menu-banner7ff2.jpg]
[porto-demo2.myshopify.com/products/black-belt.html]
[cdn.shopify.com/s/files/1/1613/0109/files/menu_banner_right_2.png]
[porto-demo2.myshopify.com/pages/contact.html]
[cdn.shopify.com/s/files/1/1612/9747/t/42/assets/section-testimonials5168.css]
[cdn.shopify.com/s/files/1/1612/9747/t/42/assets/section-blog-posts27c9.css]
[cdn.shopify.com/s/files/1/1612/9747/t/42/assets/section-main74d0.css]
[cdn.shopify.com/s/files/1/1612/9747/files/shop2_home_slider14878.jpg]
[cdn.shopify.com/s/files/1/1612/9747/files/shop2_home_slider24a9e.jpg]
[cdn.shopify.com/s/files/1/1612/9747/files/shop2_home_slider373d3.jpg]
[cdn.shopify.com/s/files/1/1612/9747/files/shop2_banner16097.jpg]
[cdn.shopify.com/s/files/1/1612/9747/files/shop2_banner26097.jpg]
[cdn.shopify.com/s/files/1/1612/9747/files/shop2_banner36097.jpg]
[cdn.shopify.com/s/files/1/1612/9747/files/shop2_banner66097.jpg]
[cdn.shopify.com/s/files/1/1612/9747/files/shop2_banner46097.jpg]
[cdn.shopify.com/s/files/1/1612/9747/files/shop2_banner56097.jpg]
[cdn.shopify.com/s/files/1/1612/9747/files/shop2_banner86097.jpg]
[cdn.shopify.com/s/files/1/1612/9747/files/shop2_banner76097.jpg]
[cdn.shopify.com/s/files/1/1612/9747/files/shop2_banner96097.jpg]
[porto-demo2.myshopify.com/products/black-belt95b3.html]
[porto-demo2.myshopify.com/products/blue-high-hill.html]
[porto-demo2.myshopify.com/products/blue-high-hill95b3.html]
[porto-demo2.myshopify.com/products/blue-shoes.html]
[porto-demo2.myshopify.com/products/blue-shoes95b3.html]
[porto-demo2.myshopify.com/products/brown-backpack.html]
[porto-demo2.myshopify.com/products/brown-backpack95b3.html]
[porto-demo2.myshopify.com/products/brown-long-shoes.html]
[porto-demo2.myshopify.com/products/brown-long-shoes95b3.html]
[porto-demo2.myshopify.com/products/casual-brown-bag.html]
[porto-demo2.myshopify.com/products/casual-brown-bag95b3.html]
[porto-demo2.myshopify.com/products/high-hill-casual.html]
[porto-demo2.myshopify.com/products/high-hill-casual95b3.html]
[porto-demo2.myshopify.com/products/laptop-case-bag.html]
[porto-demo2.myshopify.com/products/laptop-case-bag95b3.html]
[cdn.shopify.com/s/files/1/1632/5913/files/shop1_payment_logo.png]
[cdn.shopify.com/s/files/1/1612/9747/t/42/assets/newsletter_bg_imagee9c5.jpg]
[cdn.shopify.com/s/files/1/1612/9747/t/42/assets/newsletter_logoe81f.png]
[cdn.shopify.com/s/files/1/1612/9747/t/42/assets/theme-scriptsd3a0.js]
[cdn.shopify.com/s/files/1/1612/9747/t/42/assets/jquery.elevatezoom.min41a3.js]
[cdn.shopify.com/s/files/1/1612/9747/t/42/assets/theme8561.js]
[cdn.shopify.com/shopifycloud/shopify/assets/themes_support/api.jquery-e94e010e92e659b566dbc436fdfe5242764380e00398907a14955ba301a4749f.js]
[porto-demo2.myshopify.com/index.html]
[cdn.shopify.com/s/files/1/1612/9747/t/42/assets/option_selection5b8a.js]
[cdn.shopify.com/s/files/1/1612/9747/t/42/assets/porto35cb.eot]
[cdn.shopify.com/s/files/1/1612/9747/t/42/assets/porto35cb.woff2]
[cdn.shopify.com/s/files/1/1612/9747/t/42/assets/porto35cb.woff]
[cdn.shopify.com/s/files/1/1612/9747/t/42/assets/porto35cb.ttf]
[cdn.shopify.com/s/files/1/1612/9747/t/42/assets/porto35cb.svg]
[cdn.shopify.com/s/files/1/1612/9747/t/42/assets/Simple-Line-Iconsb26c.eot]
[cdn.shopify.com/s/files/1/1612/9747/t/42/assets/Simple-Line-Iconsb26c.woff2]
[cdn.shopify.com/s/files/1/1612/9747/t/42/assets/fonts/Simple-Line-Iconsb26c.ttf]
[cdn.shopify.com/s/files/1/1612/9747/t/42/assets/fonts/Simple-Line-Iconsb26c.woff]
[cdn.shopify.com/s/files/1/1612/9747/t/42/assets/fonts/Simple-Line-Iconsb26c.svg]
[cdn.shopify.com/s/files/1/1612/9747/t/42/assets/fontawesome-webfont93e3.eot]
[cdn.shopify.com/s/files/1/1612/9747/t/42/assets/fontawesome-webfontd41d.eot]
[cdn.shopify.com/s/files/1/1612/9747/t/42/assets/fontawesome-webfont93e3.woff2]
[cdn.shopify.com/s/files/1/1612/9747/t/42/assets/fontawesome-webfont93e3.woff]
[cdn.shopify.com/s/files/1/1612/9747/t/42/assets/fontawesome-webfont93e3.ttf]
[cdn.shopify.com/s/files/1/1612/9747/t/42/assets/fontawesome-webfont93e3.svg]
[cdn.shopify.com/s/files/1/1612/9747/t/42/assets/owl.video.play.png]
[cdn.shopify.com/s/files/1/1612/9747/t/42/assets/fa-brands-400.eot]
[cdn.shopify.com/s/files/1/1612/9747/t/42/assets/fa-brands-400d41d.eot]
[cdn.shopify.com/s/files/1/1612/9747/t/42/assets/fa-brands-400.woff2]
[cdn.shopify.com/s/files/1/1612/9747/t/42/assets/fa-brands-400.woff]
[cdn.shopify.com/s/files/1/1612/9747/t/42/assets/fa-brands-400.ttf]
[cdn.shopify.com/s/files/1/1612/9747/t/42/assets/plugins9cb0.css]
[cdn.shopify.com/s/files/1/1612/9747/t/42/assets/ultramegamenuee67.css]
[cdn.shopify.com/s/files/1/1612/9747/t/42/assets/styles620b.css]
[cdn.shopify.com/s/files/1/1612/9747/t/42/assets/header-type27772.css]
[cdn.shopify.com/s/files/1/1612/9747/t/42/assets/fa-brands-400.svg]
[cdn.shopify.com/s/files/1/1612/9747/t/42/assets/curved-border.svg]
[cdn.shopify.com/s/files/1/0583/3922/9880/t/5/assets/vo_pixel_light4368.png]
[cdn.shopify.com/s/files/1/1612/9747/t/42/assets/homepage63e3.css]
[cdn.shopify.com/s/files/1/1612/9747/t/42/assets/product-list073e.css]
[cdn.shopify.com/s/files/1/1612/9747/t/42/assets/responsive4f24.css]
[cdn.shopify.com/shopifycloud/shopify/assets/no-image-2048-5e88c1b20e087fb7bbe9a3771824e743c244f437e4f8ba93bbf7b11b53f7824c.gif]
[cdn.shopify.com/s/files/1/1612/9747/t/42/assets/configec3b.css]
[porto-demo2.myshopify.com/de/pages/about-us.html]
[porto-demo2.myshopify.com/de/index.html]
[porto-demo2.myshopify.com/de/blogs/news.html]
[porto-demo2.myshopify.com/de/collections/best-selling-products.html]
[porto-demo2.myshopify.com/de/collections/blouse.html]
[porto-demo2.myshopify.com/de/collections/dress.html]
[porto-demo2.myshopify.com/de/collections/electronics.html]
[porto-demo2.myshopify.com/de/collections/featured-products.html]
[porto-demo2.myshopify.com/de/collections/latest-products.html]
[porto-demo2.myshopify.com/de/collections/shop.html]
[porto-demo2.myshopify.com/de/collections/top-rated-products.html]
[porto-demo2.myshopify.com/de/collections/watches.html]
[porto-demo2.myshopify.com/de/cart.html]
[porto-demo2.myshopify.com/de/products/black-belt.html]
[porto-demo2.myshopify.com/de/pages/contact.html]
[porto-demo2.myshopify.com/de/account/loginb7cf.html]
[porto-demo2.myshopify.com/de/products/black-belt95b3.html]
[porto-demo2.myshopify.com/de/products/blue-high-hill.html]
[porto-demo2.myshopify.com/de/products/blue-high-hill95b3.html]
[porto-demo2.myshopify.com/de/products/blue-shoes.html]
[porto-demo2.myshopify.com/de/products/blue-shoes95b3.html]
[porto-demo2.myshopify.com/de/products/brown-backpack.html]
[porto-demo2.myshopify.com/de/products/brown-backpack95b3.html]
[porto-demo2.myshopify.com/de/products/brown-long-shoes.html]
[porto-demo2.myshopify.com/de/products/brown-long-shoes95b3.html]
[porto-demo2.myshopify.com/de/products/casual-brown-bag.html]
[porto-demo2.myshopify.com/de/products/casual-brown-bag95b3.html]
[porto-demo2.myshopify.com/de/products/high-hill-casual.html]
[porto-demo2.myshopify.com/de/products/high-hill-casual95b3.html]
[porto-demo2.myshopify.com/de/products/laptop-case-bag.html]
[porto-demo2.myshopify.com/de/products/laptop-case-bag95b3.html]
[porto-demo2.myshopify.com/de.html]
[porto-demo2.myshopify.com/de/account/login.html]
[porto-demo2.myshopify.com/fr/pages/about-us.html]
[porto-demo2.myshopify.com/fr/index.html]
[porto-demo2.myshopify.com/fr/blogs/news.html]
[porto-demo2.myshopify.com/fr/collections/best-selling-products.html]
[porto-demo2.myshopify.com/fr/collections/blouse.html]
[porto-demo2.myshopify.com/fr/collections/dress.html]
[porto-demo2.myshopify.com/fr/collections/electronics.html]
[porto-demo2.myshopify.com/fr/collections/featured-products.html]
[porto-demo2.myshopify.com/fr/collections/latest-products.html]
[porto-demo2.myshopify.com/fr/collections/shop.html]
[porto-demo2.myshopify.com/fr/collections/top-rated-products.html]
[porto-demo2.myshopify.com/fr/collections/watches.html]
[porto-demo2.myshopify.com/fr/cart.html]
[porto-demo2.myshopify.com/fr/products/black-belt.html]
[porto-demo2.myshopify.com/fr/pages/contact.html]
[porto-demo2.myshopify.com/fr/account/logine4e5.html]
[porto-demo2.myshopify.com/fr/products/black-belt95b3.html]
[porto-demo2.myshopify.com/fr/products/blue-high-hill.html]
[porto-demo2.myshopify.com/fr/products/blue-high-hill95b3.html]
[porto-demo2.myshopify.com/fr/products/blue-shoes.html]
[porto-demo2.myshopify.com/fr/products/blue-shoes95b3.html]
[porto-demo2.myshopify.com/fr/products/brown-backpack.html]
[porto-demo2.myshopify.com/fr/products/brown-backpack95b3.html]
[porto-demo2.myshopify.com/fr/products/brown-long-shoes.html]
[porto-demo2.myshopify.com/fr/products/brown-long-shoes95b3.html]
[porto-demo2.myshopify.com/fr/products/casual-brown-bag.html]
[porto-demo2.myshopify.com/fr/products/casual-brown-bag95b3.html]
[porto-demo2.myshopify.com/fr/products/high-hill-casual.html]
[porto-demo2.myshopify.com/fr/products/high-hill-casual95b3.html]
[porto-demo2.myshopify.com/fr/products/laptop-case-bag.html]
[porto-demo2.myshopify.com/fr/products/laptop-case-bag95b3.html]
[porto-demo2.myshopify.com/fr.html]
[cdn.shopify.com/s/files/1/1612/9747/t/42/compiled_assets/stylese8df.css]
[cdn.shopify.com/s/files/1/1612/9747/t/42/compiled_assets/scriptse8df.js]
[porto-demo2.myshopify.com/POST.html]
[porto-demo2.myshopify.com/fr/account/login.html]
[cdn.shopify.com/shopifycloud/shopify/assets/themes_support/shopify_common-8ea6ac3faf357236a97f5de749df4da6e8436ca107bc3a4ee805cbf08bc47392.js]
[porto-demo2.myshopify.com/account/POST]
[cdn.shopify.com/s/files/1/1612/9747/t/42/assets/sidebarb196.css]
[cdn.shopify.com/s/files/1/1612/9747/t/42/assets/customerc3ed.css]
[porto-demo2.myshopify.com/account/login4236.html]
[porto-demo2.myshopify.com/account/register.html]
[porto-demo2.myshopify.com/pages/POST]
[cdn.shopify.com/s/files/1/1612/9747/t/42/assets/pages29ed.css]
[farm4.staticflickr.com/3780/10310925903_27bf4cb8dd_s.jpg]
[farm6.staticflickr.com/5474/10310925693_d6b385800c_s.jpg]
[farm6.staticflickr.com/5524/10310772635_154218bd04_s.jpg]
[farm6.staticflickr.com/5506/10310772645_d23b460207_s.jpg]
[farm4.staticflickr.com/3789/10310772595_1affd9da05_s.jpg]
[farm8.staticflickr.com/7321/10310925423_189ee58c5a_s.jpg]
[cdn.shopify.com/s/files/1/1613/0219/files/office-1-150x1500de2.jpg]
[cdn.shopify.com/s/files/1/1613/0219/files/office-2-150x1500de2.jpg]
[cdn.shopify.com/s/files/1/1613/0219/files/office-3-150x1500de2.jpg]
[cdn.shopify.com/s/files/1/1613/0219/files/office-4-150x1500de2.jpg]
[porto-demo2.myshopify.com/pages/about-us.html]
[porto-demo2.myshopify.com/blogs/news.atom]
[porto-demo2.myshopify.com/blogs/POST.11d.delayed]
[porto-demo2.myshopify.com/blogs/news/post-format-video.html]
[cdn.shopify.com/s/files/1/1559/5181/files/01.jpg]
[cdn.shopify.com/s/files/1/1559/5181/files/02.jpg]
[cdn.shopify.com/s/files/1/1559/5181/files/03.jpg]
[porto-demo2.myshopify.com/blogs/news/post-format-image-gallery.html]
[cdn.shopify.com/s/files/1/1612/9747/articles/01_grande_2841dd45-f8bd-479e-81ae-36726f4711a6_120x1209257.jpg]
[cdn.shopify.com/s/files/1/1612/9747/articles/02_grande_5d9853f1-e056-4c89-bff1-6f0326b275b2_120x1204ee4.jpg]
[porto-demo2.myshopify.com/blogs/news/tagged/blog.html]
[porto-demo2.myshopify.com/blogs/news/tagged/clothing.html]
[porto-demo2.myshopify.com/blogs/news/tagged/dresses.html]
[porto-demo2.myshopify.com/blogs/news/tagged/fashion.html]
[porto-demo2.myshopify.com/blogs/news/tagged/photography.html]
[porto-demo2.myshopify.com/blogs/news/tagged/shoes.html]
[porto-demo2.myshopify.com/blogs/news.html]
[porto-demo2.myshopify.com/blogs/news/tagged/women.html]
[porto-demo2.myshopify.com/cart.html]
[cdn.shopify.com/s/files/1/1612/9747/t/42/assets/page-cartb395.css]
[porto-demo2.myshopify.com/cart/index.html]
[porto-demo2.myshopify.com/account/login.html]
[porto-demo2.myshopify.com/collections/best-selling-products.atom]
[porto-demo2.myshopify.com/collections/best-selling-products.oembed]
[cdn.shopify.com/s/files/1/1612/9747/t/42/assets/shopify_common49f5.js]
[cdn.shopify.com/s/files/1/1612/9747/t/42/assets/jquery.history.min3c8d.js]
[porto-demo2.myshopify.com/collections/POST]
[cdn.shopify.com/s/files/1/1612/9747/t/42/assets/collection0f33.css]
[porto-demo2.myshopify.com/collections/best-selling-products/products/silver-porto-headset.html]
[porto-demo2.myshopify.com/products/silver-porto-headset95b3.html]
[porto-demo2.myshopify.com/collections/best-selling-products/products/men-brown-belt.html]
[porto-demo2.myshopify.com/products/men-brown-belt95b3.html]
[porto-demo2.myshopify.com/collections/best-selling-products/products/high-hill-casual.html]
[porto-demo2.myshopify.com/collections/best-selling-products/products/brown-backpack.html]
[porto-demo2.myshopify.com/collections/accessories.html]
[porto-demo2.myshopify.com/collections/fashion.html]
[cdn.shopify.com/s/files/1/1612/9747/t/42/assets/black306f.png]
[cdn.shopify.com/s/files/1/1612/9747/t/42/assets/blue08b6.png]
[cdn.shopify.com/s/files/1/1612/9747/t/42/assets/brown45af.png]
[porto-demo2.myshopify.com/collections/best-selling-products.html]
[cdn.shopify.com/s/files/1/1612/9747/t/42/assets/collection-filters-formcf81.js]
[porto-demo2.myshopify.com/collections/blouse.atom]
[porto-demo2.myshopify.com/collections/blouse.oembed]
[porto-demo2.myshopify.com/collections/blouse/products/women-casual-bag-spring.html]
[porto-demo2.myshopify.com/products/women-casual-bag-spring95b3.html]
[porto-demo2.myshopify.com/collections/blouse/products/men-casual-shoes.html]
[porto-demo2.myshopify.com/products/men-casual-shoes95b3.html]
[porto-demo2.myshopify.com/collections/blouse/products/men-brown-belt.html]
[porto-demo2.myshopify.com/collections/blouse/products/laptop-case-bag.html]
[porto-demo2.myshopify.com/collections/blouse/products/blue-shoes.html]
[cdn.shopify.com/s/files/1/1612/9747/t/42/assets/pink1575.png]
[cdn.shopify.com/s/files/1/1612/9747/t/42/assets/redb6fe.png]
[porto-demo2.myshopify.com/collections/blouse.html]
[porto-demo2.myshopify.com/collections/dress.atom]
[porto-demo2.myshopify.com/collections/dress.oembed]
[porto-demo2.myshopify.com/collections/dress/products/women-casual-bag-spring.html]
[porto-demo2.myshopify.com/collections/dress/products/men-casual-shoes.html]
[porto-demo2.myshopify.com/collections/dress/products/men-brown-belt.html]
[porto-demo2.myshopify.com/collections/dress/products/laptop-case-bag.html]
[porto-demo2.myshopify.com/collections/dress.html]
[porto-demo2.myshopify.com/collections/dress/products/blue-shoes.html]
[porto-demo2.myshopify.com/collections/electronics.atom]
[porto-demo2.myshopify.com/collections/electronics.oembed]
[porto-demo2.myshopify.com/collections/electronics/products/high-hill-casual.html]
[porto-demo2.myshopify.com/collections/electronics/products/brown-long-shoes.html]
[porto-demo2.myshopify.com/collections/electronics/products/blue-high-hill.html]
[cdn.shopify.com/s/files/1/1612/9747/t/42/assets/green70b5.png]
[porto-demo2.myshopify.com/collections/electronics.html]
[porto-demo2.myshopify.com/collections/featured-products.atom]
[porto-demo2.myshopify.com/collections/featured-products.oembed]
[porto-demo2.myshopify.com/collections/featured-products/products/silver-porto-headset.html]
[porto-demo2.myshopify.com/collections/featured-products/products/high-hill-casual.html]
[porto-demo2.myshopify.com/collections/featured-products/products/brown-long-shoes.html]
[porto-demo2.myshopify.com/collections/featured-products/products/brown-backpack.html]
[porto-demo2.myshopify.com/collections/featured-products.html]
[porto-demo2.myshopify.com/collections/featured-products/products/blue-shoes.html]
[porto-demo2.myshopify.com/collections/latest-products.atom]
[porto-demo2.myshopify.com/collections/latest-products.oembed]
[porto-demo2.myshopify.com/collections/latest-products/products/men-casual-shoes.html]
[porto-demo2.myshopify.com/collections/latest-products/products/laptop-case-bag.html]
[porto-demo2.myshopify.com/collections/latest-products/products/casual-brown-bag.html]
[porto-demo2.myshopify.com/collections/latest-products.html]
[porto-demo2.myshopify.com/collections/latest-products/products/brown-long-shoes.html]
[porto-demo2.myshopify.com/collections/shop.atom]
[porto-demo2.myshopify.com/collections/shop4658.html]
[porto-demo2.myshopify.com/collections/shop.oembed]
[cdn.shopify.com/s/files/1/1632/5913/files/shop1_shop_banner.jpg]
[porto-demo2.myshopify.com/collections/shop/products/women-spring-casual-shoes.html]
[porto-demo2.myshopify.com/products/women-spring-casual-shoes95b3.html]
[porto-demo2.myshopify.com/collections/shop/products/women-casual-bag-spring.html]
[porto-demo2.myshopify.com/collections/shop/products/travel-bag.html]
[porto-demo2.myshopify.com/products/travel-bag95b3.html]
[porto-demo2.myshopify.com/collections/shop/products/silver-porto-headset.html]
[porto-demo2.myshopify.com/collections/shop/products/men-casual-shoes.html]
[porto-demo2.myshopify.com/collections/shop/products/men-brown-belt.html]
[porto-demo2.myshopify.com/collections/shop/products/laptop-case-bag.html]
[porto-demo2.myshopify.com/collections/shop/products/high-hill-casual.html]
[porto-demo2.myshopify.com/collections/shop/products/casual-brown-bag.html]
[porto-demo2.myshopify.com/collections/shop/products/brown-long-shoes.html]
[porto-demo2.myshopify.com/collections/shop/products/brown-backpack.html]
[porto-demo2.myshopify.com/collections/shop.html]
[porto-demo2.myshopify.com/collections/shop/products/blue-shoes.html]
[porto-demo2.myshopify.com/collections/top-rated-products.atom]
[porto-demo2.myshopify.com/collections/top-rated-products.oembed]
[porto-demo2.myshopify.com/collections/top-rated-products/products/men-casual-shoes.html]
[porto-demo2.myshopify.com/collections/top-rated-products/products/laptop-case-bag.html]
[porto-demo2.myshopify.com/collections/top-rated-products/products/casual-brown-bag.html]
[porto-demo2.myshopify.com/collections/top-rated-products.html]
[porto-demo2.myshopify.com/collections/top-rated-products/products/blue-shoes.html]
[porto-demo2.myshopify.com/collections/watches.atom]
[porto-demo2.myshopify.com/collections/watches.oembed]
[porto-demo2.myshopify.com/collections/watches/products/women-spring-casual-shoes.html]
[porto-demo2.myshopify.com/collections/watches/products/silver-porto-headset.html]
[porto-demo2.myshopify.com/collections/watches.html]
[porto-demo2.myshopify.com/collections/watches/products/brown-backpack.html]
[cdn.shopify.com/s/files/1/1612/9747/products/BlackBelt_grande6eaf.jpg]
[cdn.shopify.com/s/files/1/1612/9747/products/BlackBelt1_grande129e.jpg]
[cdn.shopify.com/s/files/1/1612/9747/products/BlackBelt2_grande3b3a.jpg]
[cdn.shopify.com/s/files/1/1612/9747/products/BlackBelt_medium6eaf.jpg]
[porto-demo2.myshopify.com/products/black-belt.oembed]
[porto-demo2.myshopify.com/products/POST]
[cdn.shopify.com/s/files/1/1612/9747/t/42/assets/product1510.css]
[cdn.shopify.com/s/files/1/1612/9747/t/42/assets/jquery.fancybox248e.css]
[cdn.shopify.com/s/files/1/1612/9747/t/42/assets/jquery.fancybox.pack8567.js]
[cdn.shopify.com/s/files/1/1612/9747/products/BlackBelt6eaf.jpg]
[cdn.shopify.com/s/files/1/1612/9747/products/BlackBelt1129e.jpg]
[cdn.shopify.com/s/files/1/1612/9747/products/BlackBelt23b3a.jpg]
[cdn.shopify.com/s/files/1/1612/9747/products/BlackBelt350fa.jpg]
[porto-demo2.myshopify.com/products/men-brown-belt.html]
[porto-demo2.myshopify.com/products/black-belt.html]
[porto-demo2.myshopify.com/products/men-casual-shoes.html]
[porto-demo2.myshopify.com/pages/contact.html]
[cdn.shopify.com/s/files/1/1612/9747/t/42/assets/section-testimonials5168.css]
[cdn.shopify.com/s/files/1/1612/9747/t/42/assets/section-blog-posts27c9.css]
[cdn.shopify.com/s/files/1/1612/9747/t/42/assets/section-main74d0.css]
[cdn.shopify.com/s/files/1/1612/9747/t/42/assets/product-quickview84f7.css]
[cdn.shopify.com/s/files/1/1612/9747/products/BlackBelt_150x1506eaf.jpg]
[cdn.shopify.com/s/files/1/1612/9747/products/BlackBelt1_150x150129e.jpg]
[cdn.shopify.com/s/files/1/1612/9747/products/BlackBelt2_150x1503b3a.jpg]
[cdn.shopify.com/s/files/1/1612/9747/products/BlackBelt3_150x15050fa.jpg]
[porto-demo2.myshopify.com/products/black-belt95b3.html]
[cdn.shopify.com/s/files/1/1612/9747/products/BlueHighHill2_grande39c2.jpg]
[cdn.shopify.com/s/files/1/1612/9747/products/BlueHighHill3_grande39c2.jpg]
[cdn.shopify.com/s/files/1/1612/9747/products/BlueHighHill_grande39c2.jpg]
[cdn.shopify.com/s/files/1/1612/9747/products/BlueHighHill2_medium39c2.jpg]
[porto-demo2.myshopify.com/products/blue-high-hill.oembed]
[porto-demo2.myshopify.com/cdn.shopify.com/s/files/1/1632/5913/files/size_guide.png]
[porto-demo2.myshopify.com/products/blue-high-hill.html]
[cdn.shopify.com/s/files/1/1612/9747/products/BlueHighHill239c2.jpg]
[cdn.shopify.com/s/files/1/1612/9747/products/BlueHighHill2_150x15039c2.jpg]
[cdn.shopify.com/s/files/1/1612/9747/products/BlueHighHill339c2.jpg]
[cdn.shopify.com/s/files/1/1612/9747/products/BlueHighHill3_150x15039c2.jpg]
[cdn.shopify.com/s/files/1/1612/9747/products/BlueHighHill39c2.jpg]
[cdn.shopify.com/s/files/1/1612/9747/products/BlueHighHill_150x15039c2.jpg]
[cdn.shopify.com/s/files/1/1612/9747/products/BlueHighHill139c2.jpg]
[cdn.shopify.com/s/files/1/1612/9747/products/BlueHighHill1_150x15039c2.jpg]
[porto-demo2.myshopify.com/products/blue-high-hill95b3.html]
[cdn.shopify.com/s/files/1/1612/9747/products/BlueShoes_grande6266.jpg]
[cdn.shopify.com/s/files/1/1612/9747/products/BlueShoes1_grande6266.jpg]
[cdn.shopify.com/s/files/1/1612/9747/products/BlueShoes2_grande6266.jpg]
[cdn.shopify.com/s/files/1/1612/9747/products/BlueShoes_medium6266.jpg]
[porto-demo2.myshopify.com/products/blue-shoes.oembed]
[cdn.shopify.com/s/files/1/1612/9747/products/BlueShoes6266.jpg]
[cdn.shopify.com/s/files/1/1612/9747/products/BlueShoes16266.jpg]
[cdn.shopify.com/s/files/1/1612/9747/products/BlueShoes26266.jpg]
[cdn.shopify.com/s/files/1/1612/9747/products/BlueShoes36266.jpg]
[porto-demo2.myshopify.com/products/blue-shoes.html]
[porto-demo2.myshopify.com/products/women-casual-bag-spring.html]
[cdn.shopify.com/s/files/1/1612/9747/products/BlueShoes_150x1506266.jpg]
[cdn.shopify.com/s/files/1/1612/9747/products/BlueShoes1_150x1506266.jpg]
[cdn.shopify.com/s/files/1/1612/9747/products/BlueShoes2_150x1506266.jpg]
[cdn.shopify.com/s/files/1/1612/9747/products/BlueShoes3_150x1506266.jpg]
[porto-demo2.myshopify.com/products/blue-shoes95b3.html]
[cdn.shopify.com/s/files/1/1612/9747/products/BrownBackpack_grandefe18.jpg]
[cdn.shopify.com/s/files/1/1612/9747/products/BrownBackpack_mediumfe18.jpg]
[porto-demo2.myshopify.com/products/brown-backpack.oembed]
[cdn.shopify.com/s/files/1/1612/9747/products/BrownBackpackfe18.jpg]
[porto-demo2.myshopify.com/products/brown-backpack.html]
[cdn.shopify.com/s/files/1/1612/9747/products/BrownBackpack_150x150fe18.jpg]
[porto-demo2.myshopify.com/products/brown-backpack95b3.html]
[cdn.shopify.com/s/files/1/1612/9747/products/BrownLongShoes_grande5130.jpg]
[cdn.shopify.com/s/files/1/1612/9747/products/BrownLongShoes1_grande5130.jpg]
[cdn.shopify.com/s/files/1/1612/9747/products/BrownLongShoes_medium5130.jpg]
[porto-demo2.myshopify.com/products/brown-long-shoes.oembed]
[cdn.shopify.com/s/files/1/1612/9747/products/BrownLongShoes5130.jpg]
[cdn.shopify.com/s/files/1/1612/9747/products/BrownLongShoes15130.jpg]
[porto-demo2.myshopify.com/products/brown-long-shoes.html]
[cdn.shopify.com/s/files/1/1612/9747/products/BrownLongShoes_150x1505130.jpg]
[cdn.shopify.com/s/files/1/1612/9747/products/BrownLongShoes1_150x1505130.jpg]
[porto-demo2.myshopify.com/products/brown-long-shoes95b3.html]
[cdn.shopify.com/s/files/1/1612/9747/products/CasualBrownBag_grandee423.jpg]
[cdn.shopify.com/s/files/1/1612/9747/products/CasualBrownBag1_grandee423.jpg]
[cdn.shopify.com/s/files/1/1612/9747/products/CasualBrownBag2_grandee423.jpg]
[cdn.shopify.com/s/files/1/1612/9747/products/CasualBrownBag_mediume423.jpg]
[porto-demo2.myshopify.com/products/casual-brown-bag.html]
[porto-demo2.myshopify.com/products/casual-brown-bag.oembed]
[cdn.shopify.com/s/files/1/1612/9747/products/CasualBrownBage423.jpg]
[cdn.shopify.com/s/files/1/1612/9747/products/CasualBrownBag_150x150e423.jpg]
[cdn.shopify.com/s/files/1/1612/9747/products/CasualBrownBag1e423.jpg]
[cdn.shopify.com/s/files/1/1612/9747/products/CasualBrownBag1_150x150e423.jpg]
[cdn.shopify.com/s/files/1/1612/9747/products/CasualBrownBag2e423.jpg]
[cdn.shopify.com/s/files/1/1612/9747/products/CasualBrownBag2_150x150e423.jpg]
[cdn.shopify.com/s/files/1/1612/9747/products/CasualBrownBag3e423.jpg]
[cdn.shopify.com/s/files/1/1612/9747/products/CasualBrownBag3_150x150e423.jpg]
[porto-demo2.myshopify.com/products/casual-brown-bag95b3.html]
[cdn.shopify.com/s/files/1/1612/9747/products/HighHillCasual_granded061.jpg]
[cdn.shopify.com/s/files/1/1612/9747/products/HighHillCasual_mediumd061.jpg]
[porto-demo2.myshopify.com/products/high-hill-casual.oembed]
[cdn.shopify.com/s/files/1/1612/9747/products/HighHillCasuald061.jpg]
[porto-demo2.myshopify.com/products/high-hill-casual.html]
[cdn.shopify.com/s/files/1/1612/9747/products/HighHillCasual_150x150d061.jpg]
[porto-demo2.myshopify.com/products/high-hill-casual95b3.html]
[cdn.shopify.com/s/files/1/1612/9747/products/LaptopCaseBag_grandead75.jpg]
[cdn.shopify.com/s/files/1/1612/9747/products/LaptopCaseBag1_grandead75.jpg]
[cdn.shopify.com/s/files/1/1612/9747/products/LaptopCaseBag2_grandead75.jpg]
[cdn.shopify.com/s/files/1/1612/9747/products/LaptopCaseBag_mediumad75.jpg]
[porto-demo2.myshopify.com/products/laptop-case-bag.html]
[porto-demo2.myshopify.com/products/laptop-case-bag.oembed]
[cdn.shopify.com/s/files/1/1612/9747/products/LaptopCaseBagad75.jpg]
[cdn.shopify.com/s/files/1/1612/9747/products/LaptopCaseBag_150x150ad75.jpg]
[cdn.shopify.com/s/files/1/1612/9747/products/LaptopCaseBag1ad75.jpg]
[cdn.shopify.com/s/files/1/1612/9747/products/LaptopCaseBag1_150x150ad75.jpg]
[cdn.shopify.com/s/files/1/1612/9747/products/LaptopCaseBag2ad75.jpg]
[cdn.shopify.com/s/files/1/1612/9747/products/LaptopCaseBag2_150x150ad75.jpg]
[cdn.shopify.com/s/files/1/1612/9747/products/LaptopCaseBag3ad75.jpg]
[cdn.shopify.com/s/files/1/1612/9747/products/LaptopCaseBag3_150x150ad75.jpg]
[porto-demo2.myshopify.com/products/laptop-case-bag95b3.html]
[cdn.shopify.com/s/files/1/1612/9747/t/42/assets/porto35cb.svg]
[cdn.shopify.com/s/files/1/1612/9747/t/42/assets/fonts/Simple-Line-Iconsb26c.html]
[cdn.shopify.com/s/files/1/1612/9747/t/42/assets/fonts/Simple-Line-Iconsb26c-2.html]
[cdn.shopify.com/s/files/1/1612/9747/t/42/assets/fonts/Simple-Line-Iconsb26c-3.html]
[cdn.shopify.com/s/files/1/1612/9747/t/42/assets/fontawesome-webfont93e3.svg]
[cdn.shopify.com/s/files/1/1612/9747/t/42/assets/owl.video.play.html]
[cdn.shopify.com/s/files/1/1612/9747/t/42/assets/fa-brands-400.svg]
[cdn.shopify.com/s/files/1/1612/9747/t/42/assets/curved-border.svg]
[porto-demo2.myshopify.com/de/POST]
[porto-demo2.myshopify.com/de/index.html]
[porto-demo2.myshopify.com/de/pages/POST]
[porto-demo2.myshopify.com/de/pages/about-us.html]
[porto-demo2.myshopify.com/de/blogs/news.atom]
[porto-demo2.myshopify.com/de/blogs/POST.2a9.delayed]
[porto-demo2.myshopify.com/de/blogs/news/post-format-video.html]
[porto-demo2.myshopify.com/de/blogs/news/post-format-image-gallery.html]
[porto-demo2.myshopify.com/de/blogs/news/tagged/blog.html]
[porto-demo2.myshopify.com/de/blogs/news/tagged/clothing.html]
[porto-demo2.myshopify.com/de/blogs/news/tagged/dresses.html]
[porto-demo2.myshopify.com/de/blogs/news/tagged/fashion.html]
[porto-demo2.myshopify.com/de/blogs/news/tagged/photography.html]
[porto-demo2.myshopify.com/de/blogs/news/tagged/shoes.html]
[porto-demo2.myshopify.com/de/blogs/news/tagged/women.html]
[porto-demo2.myshopify.com/de/blogs/news.html]
[porto-demo2.myshopify.com/de/collections/best-selling-products.atom]
[porto-demo2.myshopify.com/de/collections/best-selling-products.oembed]
[porto-demo2.myshopify.com/de/collections/POST]
[porto-demo2.myshopify.com/de/collections/best-selling-products/products/silver-porto-headset.html]
[porto-demo2.myshopify.com/de/products/silver-porto-headset95b3.html]
[porto-demo2.myshopify.com/de/collections/best-selling-products/products/men-brown-belt.html]
[porto-demo2.myshopify.com/de/products/men-brown-belt95b3.html]
[porto-demo2.myshopify.com/de/collections/best-selling-products/products/high-hill-casual.html]
[porto-demo2.myshopify.com/de/collections/best-selling-products/products/brown-backpack.html]
[porto-demo2.myshopify.com/de/collections/accessories.html]
[porto-demo2.myshopify.com/de/collections/fashion.html]
[porto-demo2.myshopify.com/de/collections/best-selling-products.html]
[porto-demo2.myshopify.com/de/collections/blouse.atom]
[porto-demo2.myshopify.com/de/collections/blouse.oembed]
[porto-demo2.myshopify.com/de/collections/blouse/products/women-casual-bag-spring.html]
[porto-demo2.myshopify.com/de/products/women-casual-bag-spring95b3.html]
[porto-demo2.myshopify.com/de/collections/blouse/products/men-casual-shoes.html]
[porto-demo2.myshopify.com/de/products/men-casual-shoes95b3.html]
[porto-demo2.myshopify.com/de/collections/blouse/products/men-brown-belt.html]
[porto-demo2.myshopify.com/de/collections/blouse/products/laptop-case-bag.html]
[porto-demo2.myshopify.com/de/collections/blouse/products/blue-shoes.html]
[porto-demo2.myshopify.com/de/collections/blouse.html]
[porto-demo2.myshopify.com/de/collections/dress.atom]
[porto-demo2.myshopify.com/de/collections/dress.oembed]
[porto-demo2.myshopify.com/de/collections/dress/products/women-casual-bag-spring.html]
[porto-demo2.myshopify.com/de/collections/dress/products/men-casual-shoes.html]
[porto-demo2.myshopify.com/de/collections/dress/products/men-brown-belt.html]
[porto-demo2.myshopify.com/de/collections/dress/products/laptop-case-bag.html]
[porto-demo2.myshopify.com/de/collections/dress/products/blue-shoes.html]
[porto-demo2.myshopify.com/de/collections/dress.html]
[porto-demo2.myshopify.com/de/collections/electronics.atom]
[porto-demo2.myshopify.com/de/collections/electronics.oembed]
[porto-demo2.myshopify.com/de/collections/electronics/products/high-hill-casual.html]
[porto-demo2.myshopify.com/de/collections/electronics/products/brown-long-shoes.html]
[porto-demo2.myshopify.com/de/collections/electronics/products/blue-high-hill.html]
[porto-demo2.myshopify.com/de/collections/electronics.html]
[porto-demo2.myshopify.com/de/collections/featured-products.atom]
[porto-demo2.myshopify.com/de/collections/featured-products.oembed]
[porto-demo2.myshopify.com/de/collections/featured-products/products/silver-porto-headset.html]
[porto-demo2.myshopify.com/de/collections/featured-products/products/high-hill-casual.html]
[porto-demo2.myshopify.com/de/collections/featured-products/products/brown-long-shoes.html]
[porto-demo2.myshopify.com/de/collections/featured-products/products/brown-backpack.html]
[porto-demo2.myshopify.com/de/collections/featured-products/products/blue-shoes.html]
[porto-demo2.myshopify.com/de/collections/featured-products.html]
[porto-demo2.myshopify.com/de/collections/latest-products.atom]
[porto-demo2.myshopify.com/de/collections/latest-products.oembed]
[porto-demo2.myshopify.com/de/collections/latest-products/products/men-casual-shoes.html]
[porto-demo2.myshopify.com/de/collections/latest-products/products/laptop-case-bag.html]
[porto-demo2.myshopify.com/de/collections/latest-products/products/casual-brown-bag.html]
[porto-demo2.myshopify.com/de/collections/latest-products/products/brown-long-shoes.html]
[porto-demo2.myshopify.com/de/collections/latest-products.html]
[porto-demo2.myshopify.com/de/collections/shop.atom]
[porto-demo2.myshopify.com/de/collections/shop4658.html]
[porto-demo2.myshopify.com/de/collections/shop.oembed]
[porto-demo2.myshopify.com/de/collections/shop/products/women-spring-casual-shoes.html]
[porto-demo2.myshopify.com/de/products/women-spring-casual-shoes95b3.html]
[porto-demo2.myshopify.com/de/collections/shop/products/women-casual-bag-spring.html]
[porto-demo2.myshopify.com/de/collections/shop/products/travel-bag.html]
[porto-demo2.myshopify.com/de/products/travel-bag95b3.html]
[porto-demo2.myshopify.com/de/collections/shop/products/silver-porto-headset.html]
[porto-demo2.myshopify.com/de/collections/shop/products/men-casual-shoes.html]
[porto-demo2.myshopify.com/de/collections/shop/products/men-brown-belt.html]
[porto-demo2.myshopify.com/de/collections/shop/products/laptop-case-bag.html]
[porto-demo2.myshopify.com/de/collections/shop/products/high-hill-casual.html]
[porto-demo2.myshopify.com/de/collections/shop/products/casual-brown-bag.html]
[porto-demo2.myshopify.com/de/collections/shop/products/brown-long-shoes.html]
[porto-demo2.myshopify.com/de/collections/shop/products/brown-backpack.html]
[porto-demo2.myshopify.com/de/collections/shop/products/blue-shoes.html]
[porto-demo2.myshopify.com/de/collections/shop.html]
[porto-demo2.myshopify.com/de/collections/top-rated-products.atom]
[porto-demo2.myshopify.com/de/collections/top-rated-products.oembed]
[porto-demo2.myshopify.com/de/collections/top-rated-products/products/men-casual-shoes.html]
[porto-demo2.myshopify.com/de/collections/top-rated-products/products/laptop-case-bag.html]
[porto-demo2.myshopify.com/de/collections/top-rated-products/products/casual-brown-bag.html]
[porto-demo2.myshopify.com/de/collections/top-rated-products/products/blue-shoes.html]
[porto-demo2.myshopify.com/de/collections/top-rated-products.html]
[porto-demo2.myshopify.com/de/collections/watches.atom]
[porto-demo2.myshopify.com/de/collections/watches.oembed]
[porto-demo2.myshopify.com/de/collections/watches/products/women-spring-casual-shoes.html]
[porto-demo2.myshopify.com/de/collections/watches/products/silver-porto-headset.html]
[porto-demo2.myshopify.com/de/collections/watches/products/brown-backpack.html]
[porto-demo2.myshopify.com/de/collections/watches.html]
[porto-demo2.myshopify.com/de/cart.html]
[porto-demo2.myshopify.com/de/products/black-belt.oembed]
[porto-demo2.myshopify.com/de/products/POST]
[porto-demo2.myshopify.com/de/products/men-brown-belt.html]
[porto-demo2.myshopify.com/de/products/black-belt.html]
[porto-demo2.myshopify.com/de/products/men-casual-shoes.html]
[porto-demo2.myshopify.com/de/pages/contact.html]
[porto-demo2.myshopify.com/de/account/POST]
[porto-demo2.myshopify.com/de/account/loginb7cf.html]
[porto-demo2.myshopify.com/de/products/black-belt95b3.html]
[porto-demo2.myshopify.com/de/products/blue-high-hill.oembed]
[porto-demo2.myshopify.com/de/products/blue-high-hill.html]
[porto-demo2.myshopify.com/de/products/blue-high-hill95b3.html]
[porto-demo2.myshopify.com/de/products/blue-shoes.oembed]
[porto-demo2.myshopify.com/de/products/blue-shoes.html]
[porto-demo2.myshopify.com/de/products/blue-shoes95b3.html]
[porto-demo2.myshopify.com/de/products/women-casual-bag-spring.html]
[porto-demo2.myshopify.com/de/products/brown-backpack.oembed]
[porto-demo2.myshopify.com/de/products/brown-backpack.html]
[porto-demo2.myshopify.com/de/products/brown-backpack95b3.html]
[porto-demo2.myshopify.com/de/products/brown-long-shoes.oembed]
[porto-demo2.myshopify.com/de/products/brown-long-shoes.html]
[porto-demo2.myshopify.com/de/products/brown-long-shoes95b3.html]
[porto-demo2.myshopify.com/de/products/casual-brown-bag.oembed]
[porto-demo2.myshopify.com/de/products/casual-brown-bag.html]
[porto-demo2.myshopify.com/de/products/casual-brown-bag95b3.html]
[porto-demo2.myshopify.com/de/products/high-hill-casual.oembed]
[porto-demo2.myshopify.com/de/products/high-hill-casual.html]
[porto-demo2.myshopify.com/de/products/high-hill-casual95b3.html]
[porto-demo2.myshopify.com/de/products/laptop-case-bag.oembed]
[porto-demo2.myshopify.com/de/products/laptop-case-bag.html]
[porto-demo2.myshopify.com/de/products/laptop-case-bag95b3.html]
[porto-demo2.myshopify.com/de/account/login.html]
[porto-demo2.myshopify.com/fr/POST]
[porto-demo2.myshopify.com/fr/index.html]
[porto-demo2.myshopify.com/fr/pages/POST]
[porto-demo2.myshopify.com/fr/pages/about-us.html]
[porto-demo2.myshopify.com/fr/blogs/news.atom]
[porto-demo2.myshopify.com/fr/blogs/POST]
[porto-demo2.myshopify.com/fr/blogs/news/post-format-video.html]
[porto-demo2.myshopify.com/fr/blogs/news/post-format-image-gallery.html]
[porto-demo2.myshopify.com/fr/blogs/news/tagged/blog.html]
[porto-demo2.myshopify.com/fr/blogs/news/tagged/clothing.html]
[porto-demo2.myshopify.com/fr/blogs/news/tagged/dresses.html]
[porto-demo2.myshopify.com/fr/blogs/news/tagged/fashion.html]
[porto-demo2.myshopify.com/fr/blogs/news/tagged/photography.html]
[porto-demo2.myshopify.com/fr/blogs/news/tagged/shoes.html]
[porto-demo2.myshopify.com/fr/blogs/news/tagged/women.html]
[porto-demo2.myshopify.com/fr/blogs/news.html]
[porto-demo2.myshopify.com/fr/collections/best-selling-products.atom]
[porto-demo2.myshopify.com/fr/collections/best-selling-products.oembed]
[porto-demo2.myshopify.com/fr/collections/POST]
[porto-demo2.myshopify.com/fr/collections/best-selling-products/products/silver-porto-headset.html]
[porto-demo2.myshopify.com/fr/products/silver-porto-headset95b3.html]
[porto-demo2.myshopify.com/fr/collections/best-selling-products/products/men-brown-belt.html]
[porto-demo2.myshopify.com/fr/products/men-brown-belt95b3.html]
[porto-demo2.myshopify.com/fr/collections/best-selling-products/products/high-hill-casual.html]
[porto-demo2.myshopify.com/fr/collections/best-selling-products/products/brown-backpack.html]
[porto-demo2.myshopify.com/fr/collections/accessories.html]
[porto-demo2.myshopify.com/fr/collections/fashion.html]
[porto-demo2.myshopify.com/fr/collections/best-selling-products.html]
[porto-demo2.myshopify.com/fr/collections/blouse.atom]
[porto-demo2.myshopify.com/fr/collections/blouse.oembed]
[porto-demo2.myshopify.com/fr/collections/blouse/products/women-casual-bag-spring.html]
[porto-demo2.myshopify.com/fr/products/women-casual-bag-spring95b3.html]
[porto-demo2.myshopify.com/fr/collections/blouse/products/men-casual-shoes.html]
[porto-demo2.myshopify.com/fr/products/men-casual-shoes95b3.html]
[porto-demo2.myshopify.com/fr/collections/blouse/products/men-brown-belt.html]
[porto-demo2.myshopify.com/fr/collections/blouse/products/laptop-case-bag.html]
[porto-demo2.myshopify.com/fr/collections/blouse/products/blue-shoes.html]
[porto-demo2.myshopify.com/fr/collections/blouse.html]
[porto-demo2.myshopify.com/fr/collections/dress.atom]
[porto-demo2.myshopify.com/fr/collections/dress.oembed]
[porto-demo2.myshopify.com/fr/collections/dress/products/women-casual-bag-spring.html]
[porto-demo2.myshopify.com/fr/collections/dress/products/men-casual-shoes.html]
[porto-demo2.myshopify.com/fr/collections/dress/products/men-brown-belt.html]
[porto-demo2.myshopify.com/fr/collections/dress/products/laptop-case-bag.html]
[porto-demo2.myshopify.com/fr/collections/dress/products/blue-shoes.html]
[porto-demo2.myshopify.com/fr/collections/dress.html]
[porto-demo2.myshopify.com/fr/collections/electronics.atom]
[porto-demo2.myshopify.com/fr/collections/electronics.oembed]
[porto-demo2.myshopify.com/fr/collections/electronics/products/high-hill-casual.html]
[porto-demo2.myshopify.com/fr/collections/electronics/products/brown-long-shoes.html]
[porto-demo2.myshopify.com/fr/collections/electronics/products/blue-high-hill.html]
[porto-demo2.myshopify.com/fr/collections/electronics.html]
[porto-demo2.myshopify.com/fr/collections/featured-products.atom]
[porto-demo2.myshopify.com/fr/collections/featured-products.oembed]
[porto-demo2.myshopify.com/fr/collections/featured-products/products/silver-porto-headset.html]
[porto-demo2.myshopify.com/fr/collections/featured-products/products/high-hill-casual.html]
[porto-demo2.myshopify.com/fr/collections/featured-products/products/brown-long-shoes.html]
[porto-demo2.myshopify.com/fr/collections/featured-products/products/brown-backpack.html]
[porto-demo2.myshopify.com/fr/collections/featured-products/products/blue-shoes.html]
[porto-demo2.myshopify.com/fr/collections/featured-products.html]
[porto-demo2.myshopify.com/fr/collections/latest-products.atom]
[porto-demo2.myshopify.com/fr/collections/latest-products.oembed]
[porto-demo2.myshopify.com/fr/collections/latest-products/products/men-casual-shoes.html]
[porto-demo2.myshopify.com/fr/collections/latest-products/products/laptop-case-bag.html]
[porto-demo2.myshopify.com/fr/collections/latest-products/products/casual-brown-bag.html]
[porto-demo2.myshopify.com/fr/collections/latest-products/products/brown-long-shoes.html]
[porto-demo2.myshopify.com/fr/collections/latest-products.html]
[porto-demo2.myshopify.com/fr/collections/shop.atom]
[porto-demo2.myshopify.com/fr/collections/shop4658.html]
[porto-demo2.myshopify.com/fr/collections/shop.oembed]
[porto-demo2.myshopify.com/fr/collections/shop/products/women-spring-casual-shoes.html]
[porto-demo2.myshopify.com/fr/products/women-spring-casual-shoes95b3.html]
[porto-demo2.myshopify.com/fr/collections/shop/products/women-casual-bag-spring.html]
[porto-demo2.myshopify.com/fr/collections/shop/products/travel-bag.html]
[porto-demo2.myshopify.com/fr/products/travel-bag95b3.html]
[porto-demo2.myshopify.com/fr/collections/shop/products/silver-porto-headset.html]
[porto-demo2.myshopify.com/fr/collections/shop/products/men-casual-shoes.html]
[porto-demo2.myshopify.com/fr/collections/shop/products/men-brown-belt.html]
[porto-demo2.myshopify.com/fr/collections/shop/products/laptop-case-bag.html]
[porto-demo2.myshopify.com/fr/collections/shop/products/high-hill-casual.html]
[porto-demo2.myshopify.com/fr/collections/shop/products/casual-brown-bag.html]
[porto-demo2.myshopify.com/fr/collections/shop/products/brown-long-shoes.html]
[porto-demo2.myshopify.com/fr/collections/shop/products/brown-backpack.html]
[porto-demo2.myshopify.com/fr/collections/shop/products/blue-shoes.html]
[porto-demo2.myshopify.com/fr/collections/shop.html]
[porto-demo2.myshopify.com/fr/collections/top-rated-products.atom]
[porto-demo2.myshopify.com/fr/collections/top-rated-products.oembed]
[porto-demo2.myshopify.com/fr/collections/top-rated-products/products/men-casual-shoes.html]
[porto-demo2.myshopify.com/fr/collections/top-rated-products/products/laptop-case-bag.html]
[porto-demo2.myshopify.com/fr/collections/top-rated-products/products/casual-brown-bag.html]
[porto-demo2.myshopify.com/fr/collections/top-rated-products/products/blue-shoes.html]
[porto-demo2.myshopify.com/fr/collections/top-rated-products.html]
[porto-demo2.myshopify.com/fr/collections/watches.atom]
[porto-demo2.myshopify.com/fr/collections/watches.oembed]
[porto-demo2.myshopify.com/fr/collections/watches/products/women-spring-casual-shoes.html]
[porto-demo2.myshopify.com/fr/collections/watches/products/silver-porto-headset.html]
[porto-demo2.myshopify.com/fr/collections/watches/products/brown-backpack.html]
[porto-demo2.myshopify.com/fr/collections/watches.html]
[porto-demo2.myshopify.com/fr/cart.html]
[porto-demo2.myshopify.com/collections/all.html]
[porto-demo2.myshopify.com/fr/products/black-belt.oembed]
[porto-demo2.myshopify.com/fr/products/POST]
[porto-demo2.myshopify.com/fr/products/men-brown-belt.html]
[porto-demo2.myshopify.com/fr/products/black-belt.html]
[porto-demo2.myshopify.com/fr/pages/contact.html]
[porto-demo2.myshopify.com/fr/products/men-casual-shoes.html]
[porto-demo2.myshopify.com/fr/account/POST]
[porto-demo2.myshopify.com/fr/account/logine4e5.html]
[porto-demo2.myshopify.com/fr/products/black-belt95b3.html]
[porto-demo2.myshopify.com/fr/products/blue-high-hill.html]
[porto-demo2.myshopify.com/fr/products/blue-high-hill95b3.html]
[porto-demo2.myshopify.com/fr/products/blue-high-hill.oembed]
[porto-demo2.myshopify.com/fr/products/blue-shoes.oembed]
[porto-demo2.myshopify.com/fr/products/blue-shoes.html]
[porto-demo2.myshopify.com/fr/products/blue-shoes95b3.html]
[porto-demo2.myshopify.com/fr/products/women-casual-bag-spring.html]
[porto-demo2.myshopify.com/fr/products/brown-backpack.html]
[porto-demo2.myshopify.com/fr/products/brown-backpack95b3.html]
[porto-demo2.myshopify.com/fr/products/brown-backpack.oembed]
[porto-demo2.myshopify.com/fr/products/brown-long-shoes.html]
[porto-demo2.myshopify.com/fr/products/brown-long-shoes95b3.html]
[porto-demo2.myshopify.com/fr/products/brown-long-shoes.oembed]
[porto-demo2.myshopify.com/fr/products/casual-brown-bag.html]
[porto-demo2.myshopify.com/fr/products/casual-brown-bag95b3.html]
[porto-demo2.myshopify.com/fr/products/casual-brown-bag.oembed]
[porto-demo2.myshopify.com/fr/products/high-hill-casual.html]
[porto-demo2.myshopify.com/fr/products/high-hill-casual95b3.html]
[porto-demo2.myshopify.com/fr/products/high-hill-casual.oembed]
[porto-demo2.myshopify.com/fr/products/laptop-case-bag.html]
[porto-demo2.myshopify.com/fr/products/laptop-case-bag95b3.html]
[porto-demo2.myshopify.com/fr/account/login.html]
[porto-demo2.myshopify.com/account/POST.html]
[cdn.shopify.com/s/files/1/1612/9747/t/42/assets/sidebarb196.css]
[cdn.shopify.com/s/files/1/1612/9747/t/42/assets/customerc3ed.css]
[porto-demo2.myshopify.com/fr/products/laptop-case-bag.oembed]
[porto-demo2.myshopify.com/de/account/register.html]
[porto-demo2.myshopify.com/account/register.html]
[porto-demo2.myshopify.com/pages/POST.html]
[porto-demo2.myshopify.com/fr/account/register.html]
[cdn.shopify.com/s/files/1/1612/9747/t/42/assets/history-thumb.png]
[cdn.shopify.com/s/files/1/1612/9747/t/42/assets/pages29ed.css]
[porto-demo2.myshopify.com/blogs/POST.html]
[porto-demo2.myshopify.com/blogs/news/POST]
[s7.addthis.com/js/300/addthis_widget.js]
[cdn.shopify.com/s/files/1/1612/9747/t/42/assets/avatar24fd.jpg]
[cdn.shopify.com/s/files/1/1612/9747/articles/01_grande_2841dd45-f8bd-479e-81ae-36726f4711a6_400x9257.jpg]
[cdn.shopify.com/s/files/1/1612/9747/articles/02_grande_5d9853f1-e056-4c89-bff1-6f0326b275b2_400x4ee4.jpg]
[porto-demo2.myshopify.com/blogs/news/post-format-video.html]
[cdn.shopify.com/s/files/1/1559/5181/files/01.html]
[cdn.shopify.com/s/files/1/1559/5181/files/02.html]
[cdn.shopify.com/s/files/1/1559/5181/files/03.html]
[porto-demo2.myshopify.com/blogs/news/post-format-image-gallery.html]
[porto-demo2.myshopify.com/blogs/news/tagged/blog.atom]
[porto-demo2.myshopify.com/blogs/news/tagged/POST.419.delayed]
[porto-demo2.myshopify.com/blogs/news/tagged/blog.html]
[porto-demo2.myshopify.com/blogs/news/tagged/clothing.html]
[porto-demo2.myshopify.com/blogs/news/tagged/clothing.atom]
[porto-demo2.myshopify.com/blogs/news/tagged/dresses.html]
[porto-demo2.myshopify.com/blogs/news/tagged/dresses.atom]
[porto-demo2.myshopify.com/blogs/news/tagged/fashion.html]
[porto-demo2.myshopify.com/blogs/news/tagged/fashion.atom]
[porto-demo2.myshopify.com/blogs/news/tagged/photography.html]
[porto-demo2.myshopify.com/blogs/news/tagged/photography.atom]
[porto-demo2.myshopify.com/blogs/news/tagged/shoes.html]
[porto-demo2.myshopify.com/blogs/news/tagged/shoes.atom]
[porto-demo2.myshopify.com/blogs/news/tagged/women.html]
[porto-demo2.myshopify.com/blogs/news/tagged/women.atom]
[porto-demo2.myshopify.com/cart/POST]
[porto-demo2.myshopify.com/cart/index.html]
[porto-demo2.myshopify.com/checkout/index.html]
[cdn.shopify.com/s/files/1/1612/9747/t/42/assets/page-cartb395.css]
[porto-demo2.myshopify.com/collections/POST.html]
[cdn.shopify.com/s/files/1/1612/9747/t/42/assets/collection0f33.css]
[cdn.shopify.com/s/files/1/1612/9747/products/SilverPortoHeadset_grande58fd.jpg]
[cdn.shopify.com/s/files/1/1612/9747/products/SilverPortoHeadset1_grande58fd.jpg]
[cdn.shopify.com/s/files/1/1612/9747/products/SilverPortoHeadset2_grande58fd.jpg]
[porto-demo2.myshopify.com/products/silver-porto-headset.html]
[cdn.shopify.com/s/files/1/1612/9747/products/SilverPortoHeadset_medium58fd.jpg]
[porto-demo2.myshopify.com/de/products/silver-porto-headset.html]
[porto-demo2.myshopify.com/fr/products/silver-porto-headset.html]
[porto-demo2.myshopify.com/products/silver-porto-headset.oembed]
[porto-demo2.myshopify.com/collections/best-selling-products/products/POST]
[cdn.shopify.com/s/files/1/1612/9747/products/SilverPortoHeadset58fd.jpg]
[cdn.shopify.com/s/files/1/1612/9747/products/SilverPortoHeadset158fd.jpg]
[cdn.shopify.com/s/files/1/1612/9747/products/SilverPortoHeadset258fd.jpg]
[cdn.shopify.com/s/files/1/1612/9747/products/SilverPortoHeadset358fd.jpg]
[porto-demo2.myshopify.com/collections/best-selling-products/products/silver-porto-headset.html]
[cdn.shopify.com/s/files/1/1612/9747/products/SilverPortoHeadset_150x15058fd.jpg]
[cdn.shopify.com/s/files/1/1612/9747/products/SilverPortoHeadset1_150x15058fd.jpg]
[cdn.shopify.com/s/files/1/1612/9747/products/SilverPortoHeadset2_150x15058fd.jpg]
[cdn.shopify.com/s/files/1/1612/9747/products/SilverPortoHeadset3_150x15058fd.jpg]
[porto-demo2.myshopify.com/products/silver-porto-headset95b3.html]
[cdn.shopify.com/s/files/1/1612/9747/products/BlackBelt1_9e199b94-8f53-440d-81c1-88b1cf5694c1_grande400a.jpg]
[cdn.shopify.com/s/files/1/1612/9747/products/BlackBelt_758d358a-dbd5-46ec-a47b-7c30cd98e3ce_grande400a.jpg]
[cdn.shopify.com/s/files/1/1612/9747/products/BlackBelt2_28c35beb-bea8-4bd0-87ef-d570db1cb33d_grande400a.jpg]
[cdn.shopify.com/s/files/1/1612/9747/products/BlackBelt1_9e199b94-8f53-440d-81c1-88b1cf5694c1_medium400a.jpg]
[porto-demo2.myshopify.com/products/men-brown-belt.oembed]
[porto-demo2.myshopify.com/collections/best-selling-products/products/men-brown-belt.html]
[cdn.shopify.com/s/files/1/1612/9747/products/BlackBelt1_9e199b94-8f53-440d-81c1-88b1cf5694c1400a.jpg]
[cdn.shopify.com/s/files/1/1612/9747/products/BlackBelt1_9e199b94-8f53-440d-81c1-88b1cf5694c1_150x150400a.jpg]
[cdn.shopify.com/s/files/1/1612/9747/products/BlackBelt_758d358a-dbd5-46ec-a47b-7c30cd98e3ce400a.jpg]
[cdn.shopify.com/s/files/1/1612/9747/products/BlackBelt_758d358a-dbd5-46ec-a47b-7c30cd98e3ce_150x150400a.jpg]
[cdn.shopify.com/s/files/1/1612/9747/products/BlackBelt2_28c35beb-bea8-4bd0-87ef-d570db1cb33d400a.jpg]
[cdn.shopify.com/s/files/1/1612/9747/products/BlackBelt2_28c35beb-bea8-4bd0-87ef-d570db1cb33d_150x150400a.jpg]
[cdn.shopify.com/s/files/1/1612/9747/products/BlackBelt3_bfcafa42-a3fa-43da-baa4-9eb6114432fe400a.jpg]
[cdn.shopify.com/s/files/1/1612/9747/products/BlackBelt3_bfcafa42-a3fa-43da-baa4-9eb6114432fe_150x150400a.jpg]
[porto-demo2.myshopify.com/products/men-brown-belt95b3.html]
[porto-demo2.myshopify.com/collections/best-selling-products/products/high-hill-casual.html]
[porto-demo2.myshopify.com/collections/best-selling-products/products/brown-backpack.html]
[porto-demo2.myshopify.com/collections/accessories.atom]
[porto-demo2.myshopify.com/collections/accessories.html]
[porto-demo2.myshopify.com/collections/accessories.oembed]
[porto-demo2.myshopify.com/collections/fashion.atom]
[porto-demo2.myshopify.com/collections/fashion.html]
[porto-demo2.myshopify.com/collections/fashion.oembed]
[cdn.shopify.com/s/files/1/1612/9747/products/CasualBrownBag2_f19974dc-0d03-4efe-9d8f-ef18ee81185b_grande2c81.jpg]
[cdn.shopify.com/s/files/1/1612/9747/products/CasualBrownBag_16e8856c-9c6c-4337-bee3-d178907996a8_grande2c81.jpg]
[cdn.shopify.com/s/files/1/1612/9747/products/CasualBrownBag1_dc29f65a-b08d-4e44-b9bb-e7cb2c02deee_grande2c81.jpg]
[cdn.shopify.com/s/files/1/1612/9747/products/CasualBrownBag2_f19974dc-0d03-4efe-9d8f-ef18ee81185b_medium2c81.jpg]
[porto-demo2.myshopify.com/products/women-casual-bag-spring.oembed]
[porto-demo2.myshopify.com/collections/blouse/products/POST]
[cdn.shopify.com/s/files/1/1612/9747/products/CasualBrownBag2_f19974dc-0d03-4efe-9d8f-ef18ee81185b2c81.jpg]
[cdn.shopify.com/s/files/1/1612/9747/products/CasualBrownBag_16e8856c-9c6c-4337-bee3-d178907996a82c81.jpg]
[cdn.shopify.com/s/files/1/1612/9747/products/CasualBrownBag1_dc29f65a-b08d-4e44-b9bb-e7cb2c02deee2c81.jpg]
[cdn.shopify.com/s/files/1/1612/9747/products/CasualBrownBag3_da222737-ee07-4c29-9af5-32f438d942022c81.jpg]
[porto-demo2.myshopify.com/collections/blouse/products/women-casual-bag-spring.html]
[cdn.shopify.com/s/files/1/1612/9747/products/CasualBrownBag2_f19974dc-0d03-4efe-9d8f-ef18ee81185b_150x1502c81.jpg]
[cdn.shopify.com/s/files/1/1612/9747/products/CasualBrownBag_16e8856c-9c6c-4337-bee3-d178907996a8_150x1502c81.jpg]
[cdn.shopify.com/s/files/1/1612/9747/products/CasualBrownBag1_dc29f65a-b08d-4e44-b9bb-e7cb2c02deee_150x1502c81.jpg]
[cdn.shopify.com/s/files/1/1612/9747/products/CasualBrownBag3_da222737-ee07-4c29-9af5-32f438d94202_150x1502c81.jpg]
[porto-demo2.myshopify.com/products/women-casual-bag-spring95b3.html]
[cdn.shopify.com/s/files/1/1612/9747/products/BlueShoes1_397789fb-2941-4410-b0ce-2c547a65d3d3_grandef3ca.jpg]
[cdn.shopify.com/s/files/1/1612/9747/products/BlueShoes_6beb7497-96dc-4238-b25a-e4f53b454d92_grandef3ca.jpg]
[cdn.shopify.com/s/files/1/1612/9747/products/BlueShoes2_3f01a1a2-cb0c-4be6-b6f3-e524bd0f3827_grandef3ca.jpg]
[cdn.shopify.com/s/files/1/1612/9747/products/BlueShoes1_397789fb-2941-4410-b0ce-2c547a65d3d3_mediumf3ca.jpg]
[porto-demo2.myshopify.com/products/men-casual-shoes.oembed]
[cdn.shopify.com/s/files/1/1612/9747/products/BlueShoes1_397789fb-2941-4410-b0ce-2c547a65d3d3f3ca.jpg]
[cdn.shopify.com/s/files/1/1612/9747/products/BlueShoes_6beb7497-96dc-4238-b25a-e4f53b454d92f3ca.jpg]
[cdn.shopify.com/s/files/1/1612/9747/products/BlueShoes2_3f01a1a2-cb0c-4be6-b6f3-e524bd0f3827f3ca.jpg]
[cdn.shopify.com/s/files/1/1612/9747/products/BlueShoes3_af9fa2fc-3df6-48b1-9ab1-f6dce2ee3e5cf3ca.jpg]
[porto-demo2.myshopify.com/collections/blouse/products/men-casual-shoes.html]
[cdn.shopify.com/s/files/1/1612/9747/products/BlueShoes1_397789fb-2941-4410-b0ce-2c547a65d3d3_150x150f3ca.jpg]
[cdn.shopify.com/s/files/1/1612/9747/products/BlueShoes_6beb7497-96dc-4238-b25a-e4f53b454d92_150x150f3ca.jpg]
[cdn.shopify.com/s/files/1/1612/9747/products/BlueShoes2_3f01a1a2-cb0c-4be6-b6f3-e524bd0f3827_150x150f3ca.jpg]
[cdn.shopify.com/s/files/1/1612/9747/products/BlueShoes3_af9fa2fc-3df6-48b1-9ab1-f6dce2ee3e5c_150x150f3ca.jpg]
[porto-demo2.myshopify.com/products/men-casual-shoes95b3.html]
[porto-demo2.myshopify.com/collections/blouse/products/men-brown-belt.html]
[porto-demo2.myshopify.com/collections/blouse/products/laptop-case-bag.html]
[porto-demo2.myshopify.com/collections/blouse/products/blue-shoes.html]
[porto-demo2.myshopify.com/collections/dress/products/POST]
[porto-demo2.myshopify.com/collections/dress/products/women-casual-bag-spring.html]
[porto-demo2.myshopify.com/collections/dress/products/men-casual-shoes.html]
[porto-demo2.myshopify.com/collections/dress/products/men-brown-belt.html]
[porto-demo2.myshopify.com/collections/dress/products/laptop-case-bag.html]
[porto-demo2.myshopify.com/collections/dress/products/blue-shoes.html]
[porto-demo2.myshopify.com/collections/electronics/products/POST]
[porto-demo2.myshopify.com/collections/electronics/products/high-hill-casual.html]
[porto-demo2.myshopify.com/collections/electronics/products/brown-long-shoes.html]
[porto-demo2.myshopify.com/collections/electronics/products/blue-high-hill.html]
[porto-demo2.myshopify.com/collections/featured-products/products/POST]
[porto-demo2.myshopify.com/collections/featured-products/products/silver-porto-headset.html]
[porto-demo2.myshopify.com/collections/featured-products/products/high-hill-casual.html]
[porto-demo2.myshopify.com/collections/featured-products/products/brown-long-shoes.html]
[porto-demo2.myshopify.com/collections/featured-products/products/brown-backpack.html]
[porto-demo2.myshopify.com/collections/featured-products/products/blue-shoes.html]
[porto-demo2.myshopify.com/collections/latest-products/products/POST]
[porto-demo2.myshopify.com/collections/latest-products/products/men-casual-shoes.html]
[porto-demo2.myshopify.com/collections/latest-products/products/laptop-case-bag.html]
[porto-demo2.myshopify.com/collections/latest-products/products/casual-brown-bag.html]
[porto-demo2.myshopify.com/collections/latest-products/products/brown-long-shoes.html]
[porto-demo2.myshopify.com/collections/shop2679.html]
[porto-demo2.myshopify.com/collections/shop4658.oembed]
[porto-demo2.myshopify.com/collections/shop/products/blue-high-hill.html]
[porto-demo2.myshopify.com/collections/shop4658.html]
[porto-demo2.myshopify.com/collections/shop/products/black-belt.html]
[cdn.shopify.com/s/files/1/1612/9747/products/BlueHighHill_b1aeb324-587b-4d66-bcfd-1c056a1936f1_grandebdb4.jpg]
[cdn.shopify.com/s/files/1/1612/9747/products/BlueHighHill2_363f4470-05de-4b7b-90b6-f17bfa0f6593_grandebdb4.jpg]
[cdn.shopify.com/s/files/1/1612/9747/products/BlueHighHill3_1f3e2d9a-2382-4080-b8af-395cafd4dc9f_grandebdb4.jpg]
[porto-demo2.myshopify.com/products/women-spring-casual-shoes.html]
[cdn.shopify.com/s/files/1/1612/9747/products/BlueHighHill_b1aeb324-587b-4d66-bcfd-1c056a1936f1_mediumbdb4.jpg]
[porto-demo2.myshopify.com/de/products/women-spring-casual-shoes.html]
[porto-demo2.myshopify.com/fr/products/women-spring-casual-shoes.html]
[porto-demo2.myshopify.com/products/women-spring-casual-shoes.oembed]
[porto-demo2.myshopify.com/collections/shop/products/POST]
[cdn.shopify.com/s/files/1/1612/9747/products/BlueHighHill_b1aeb324-587b-4d66-bcfd-1c056a1936f1bdb4.jpg]
[cdn.shopify.com/s/files/1/1612/9747/products/BlueHighHill2_363f4470-05de-4b7b-90b6-f17bfa0f6593bdb4.jpg]
[cdn.shopify.com/s/files/1/1612/9747/products/BlueHighHill3_1f3e2d9a-2382-4080-b8af-395cafd4dc9fbdb4.jpg]
[cdn.shopify.com/s/files/1/1612/9747/products/BlueHighHill_8de85967-3b7b-4037-a447-a4d0cca49965bdb4.jpg]
[cdn.shopify.com/s/files/1/1612/9747/products/HighHillCasual_60da8896-2a82-4480-95f4-3f79f6bfc521bdb4.jpg]
[porto-demo2.myshopify.com/collections/shop/products/women-spring-casual-shoes.html]
[cdn.shopify.com/s/files/1/1612/9747/products/BlueHighHill_b1aeb324-587b-4d66-bcfd-1c056a1936f1_150x150bdb4.jpg]
[cdn.shopify.com/s/files/1/1612/9747/products/BlueHighHill2_363f4470-05de-4b7b-90b6-f17bfa0f6593_150x150bdb4.jpg]
[cdn.shopify.com/s/files/1/1612/9747/products/BlueHighHill3_1f3e2d9a-2382-4080-b8af-395cafd4dc9f_150x150bdb4.jpg]
[cdn.shopify.com/s/files/1/1612/9747/products/BlueHighHill_8de85967-3b7b-4037-a447-a4d0cca49965_150x150bdb4.jpg]
[cdn.shopify.com/s/files/1/1612/9747/products/HighHillCasual_60da8896-2a82-4480-95f4-3f79f6bfc521_150x150bdb4.jpg]
[porto-demo2.myshopify.com/products/women-spring-casual-shoes95b3.html]
[porto-demo2.myshopify.com/collections/shop/products/women-casual-bag-spring.html]
[cdn.shopify.com/s/files/1/1612/9747/products/TravelBag_grandeb2ff.jpg]
[porto-demo2.myshopify.com/products/travel-bag.html]
[cdn.shopify.com/s/files/1/1612/9747/products/TravelBag_mediumb2ff.jpg]
[porto-demo2.myshopify.com/de/products/travel-bag.html]
[porto-demo2.myshopify.com/fr/products/travel-bag.html]
[porto-demo2.myshopify.com/products/travel-bag.oembed]
[cdn.shopify.com/s/files/1/1612/9747/products/TravelBagb2ff.jpg]
[porto-demo2.myshopify.com/collections/shop/products/travel-bag.html]
[cdn.shopify.com/s/files/1/1612/9747/products/TravelBag_150x150b2ff.jpg]
[porto-demo2.myshopify.com/products/travel-bag95b3.html]
[porto-demo2.myshopify.com/collections/shop/products/silver-porto-headset.html]
[porto-demo2.myshopify.com/collections/shop/products/men-casual-shoes.html]
[porto-demo2.myshopify.com/collections/shop/products/men-brown-belt.html]
[porto-demo2.myshopify.com/collections/shop/products/laptop-case-bag.html]
[porto-demo2.myshopify.com/collections/shop/products/high-hill-casual.html]
[porto-demo2.myshopify.com/collections/shop/products/casual-brown-bag.html]
[porto-demo2.myshopify.com/collections/shop/products/brown-long-shoes.html]
[porto-demo2.myshopify.com/collections/shop/products/brown-backpack.html]
[porto-demo2.myshopify.com/collections/shop/products/blue-shoes.html]
[porto-demo2.myshopify.com/collections/top-rated-products/products/POST]
[porto-demo2.myshopify.com/collections/top-rated-products/products/men-casual-shoes.html]
[porto-demo2.myshopify.com/collections/top-rated-products/products/laptop-case-bag.html]
[porto-demo2.myshopify.com/collections/top-rated-products/products/casual-brown-bag.html]
[porto-demo2.myshopify.com/collections/top-rated-products/products/blue-shoes.html]
[porto-demo2.myshopify.com/collections/watches/products/POST]
[porto-demo2.myshopify.com/collections/watches/products/women-spring-casual-shoes.html]
[porto-demo2.myshopify.com/collections/watches/products/silver-porto-headset.html]
[porto-demo2.myshopify.com/collections/watches/products/brown-backpack.html]
[porto-demo2.myshopify.com/products/POST.html]
[cdn.shopify.com/s/files/1/1612/9747/t/42/assets/avatar.jpg]
[cdn.shopify.com/s/files/1/1612/9747/t/42/assets/product1510.css]
[cdn.shopify.com/s/files/1/1612/9747/t/42/assets/fancybox_sprite.png]
[cdn.shopify.com/s/files/1/1612/9747/t/42/assets/fancybox_loading.gif]
[cdn.shopify.com/s/files/1/1612/9747/t/42/assets/blank.gif]
[cdn.shopify.com/s/files/1/1612/9747/t/42/assets/fancybox_overlay.png]
[cdn.shopify.com/s/files/1/1612/9747/t/42/assets/fancybox_sprite@2x.png]
[cdn.shopify.com/s/files/1/1612/9747/t/42/assets/fancybox_loading@2x.gif]
[cdn.shopify.com/s/files/1/1612/9747/t/42/assets/jquery.fancybox248e.css]
[porto-demo2.myshopify.com/products/men-brown-belt.html]
[porto-demo2.myshopify.com/products/men-casual-shoes.html]
[cdn.shopify.com/s/files/1/1612/9747/t/42/assets/product-quickview84f7.css]
[porto-demo2.myshopify.com/cdn.shopify.com/s/files/1/1632/5913/files/size_guide.png]
[porto-demo2.myshopify.com/products/women-casual-bag-spring.html]
[porto-demo2.myshopify.com/de/POST.html]
[porto-demo2.myshopify.com/de/pages/POST.html]
[porto-demo2.myshopify.com/de/blogs/POST.html]
[porto-demo2.myshopify.com/de/blogs/news/POST]
[porto-demo2.myshopify.com/de/blogs/news/post-format-video.html]
[porto-demo2.myshopify.com/de/blogs/news/post-format-image-gallery.html]
[porto-demo2.myshopify.com/de/blogs/news/tagged/blog.atom]
[porto-demo2.myshopify.com/de/blogs/news/tagged/POST.7b5.delayed]
[porto-demo2.myshopify.com/de/blogs/news/tagged/blog.html]
[porto-demo2.myshopify.com/de/blogs/news/tagged/clothing.atom]
[porto-demo2.myshopify.com/de/blogs/news/tagged/clothing.html]
[porto-demo2.myshopify.com/de/blogs/news/tagged/dresses.atom]
[porto-demo2.myshopify.com/de/blogs/news/tagged/dresses.html]
[porto-demo2.myshopify.com/de/blogs/news/tagged/fashion.atom]
[porto-demo2.myshopify.com/de/blogs/news/tagged/fashion.html]
[porto-demo2.myshopify.com/de/blogs/news/tagged/photography.atom]
[porto-demo2.myshopify.com/de/blogs/news/tagged/photography.html]
[porto-demo2.myshopify.com/de/blogs/news/tagged/shoes.atom]
[porto-demo2.myshopify.com/de/blogs/news/tagged/shoes.html]
[porto-demo2.myshopify.com/de/blogs/news/tagged/women.atom]
[porto-demo2.myshopify.com/de/blogs/news/tagged/women.html]
[porto-demo2.myshopify.com/de/collections/POST.html]
[porto-demo2.myshopify.com/de/products/silver-porto-headset.oembed]
[porto-demo2.myshopify.com/de/collections/best-selling-products/products/POST]
[porto-demo2.myshopify.com/de/collections/best-selling-products/products/silver-porto-headset.html]
[porto-demo2.myshopify.com/de/products/silver-porto-headset95b3.html]
[porto-demo2.myshopify.com/de/products/men-brown-belt.oembed]
[porto-demo2.myshopify.com/de/collections/best-selling-products/products/men-brown-belt.html]
[porto-demo2.myshopify.com/de/products/men-brown-belt95b3.html]
[porto-demo2.myshopify.com/de/collections/best-selling-products/products/high-hill-casual.html]
[porto-demo2.myshopify.com/de/collections/best-selling-products/products/brown-backpack.html]
[porto-demo2.myshopify.com/de/collections/accessories.atom]
[porto-demo2.myshopify.com/de/collections/accessories.oembed]
[porto-demo2.myshopify.com/de/collections/accessories.html]
[porto-demo2.myshopify.com/de/collections/fashion.atom]
[porto-demo2.myshopify.com/de/collections/fashion.oembed]
[porto-demo2.myshopify.com/de/collections/fashion.html]
[porto-demo2.myshopify.com/de/products/women-casual-bag-spring.oembed]
[porto-demo2.myshopify.com/de/collections/blouse/products/POST]
[porto-demo2.myshopify.com/de/collections/blouse/products/women-casual-bag-spring.html]
[porto-demo2.myshopify.com/de/products/women-casual-bag-spring95b3.html]
[porto-demo2.myshopify.com/de/products/men-casual-shoes.oembed]
[porto-demo2.myshopify.com/de/collections/blouse/products/men-casual-shoes.html]
[porto-demo2.myshopify.com/de/products/men-casual-shoes95b3.html]
[porto-demo2.myshopify.com/de/collections/blouse/products/men-brown-belt.html]
[porto-demo2.myshopify.com/de/collections/blouse/products/laptop-case-bag.html]
[porto-demo2.myshopify.com/de/collections/blouse/products/blue-shoes.html]
[porto-demo2.myshopify.com/de/collections/dress/products/POST]
[porto-demo2.myshopify.com/de/collections/dress/products/women-casual-bag-spring.html]
[porto-demo2.myshopify.com/de/collections/dress/products/men-casual-shoes.html]
[porto-demo2.myshopify.com/de/collections/dress/products/men-brown-belt.html]
[porto-demo2.myshopify.com/de/collections/dress/products/laptop-case-bag.html]
[porto-demo2.myshopify.com/de/collections/dress/products/blue-shoes.html]
[porto-demo2.myshopify.com/de/collections/electronics/products/POST]
[porto-demo2.myshopify.com/de/collections/electronics/products/high-hill-casual.html]
[porto-demo2.myshopify.com/de/collections/electronics/products/brown-long-shoes.html]
[porto-demo2.myshopify.com/de/collections/electronics/products/blue-high-hill.html]
[porto-demo2.myshopify.com/de/collections/featured-products/products/POST]
[porto-demo2.myshopify.com/de/collections/featured-products/products/silver-porto-headset.html]
[porto-demo2.myshopify.com/de/collections/featured-products/products/high-hill-casual.html]
[porto-demo2.myshopify.com/de/collections/featured-products/products/brown-long-shoes.html]
[porto-demo2.myshopify.com/de/collections/featured-products/products/brown-backpack.html]
[porto-demo2.myshopify.com/de/collections/featured-products/products/blue-shoes.html]
[porto-demo2.myshopify.com/de/collections/latest-products/products/POST]
[porto-demo2.myshopify.com/de/collections/latest-products/products/men-casual-shoes.html]
[porto-demo2.myshopify.com/de/collections/latest-products/products/laptop-case-bag.html]
[porto-demo2.myshopify.com/de/collections/latest-products/products/casual-brown-bag.html]
[porto-demo2.myshopify.com/de/collections/latest-products/products/brown-long-shoes.html]
[porto-demo2.myshopify.com/de/collections/shop2679.html]
[porto-demo2.myshopify.com/de/collections/shop4658.oembed]
[porto-demo2.myshopify.com/de/collections/shop/products/blue-high-hill.html]
[porto-demo2.myshopify.com/de/collections/shop/products/black-belt.html]
[porto-demo2.myshopify.com/de/collections/shop4658.html]
[porto-demo2.myshopify.com/de/products/women-spring-casual-shoes.oembed]
[porto-demo2.myshopify.com/de/collections/shop/products/POST]
[porto-demo2.myshopify.com/de/collections/shop/products/women-spring-casual-shoes.html]
[porto-demo2.myshopify.com/de/products/women-spring-casual-shoes95b3.html]
[porto-demo2.myshopify.com/de/collections/shop/products/women-casual-bag-spring.html]
[porto-demo2.myshopify.com/de/collections/shop/products/travel-bag.html]
[porto-demo2.myshopify.com/de/products/travel-bag95b3.html]
[porto-demo2.myshopify.com/de/collections/shop/products/silver-porto-headset.html]
[porto-demo2.myshopify.com/de/products/travel-bag.oembed]
[porto-demo2.myshopify.com/de/collections/shop/products/men-casual-shoes.html]
[porto-demo2.myshopify.com/de/collections/shop/products/men-brown-belt.html]
[porto-demo2.myshopify.com/de/collections/shop/products/laptop-case-bag.html]
[porto-demo2.myshopify.com/de/collections/shop/products/high-hill-casual.html]
[porto-demo2.myshopify.com/de/collections/shop/products/casual-brown-bag.html]
[porto-demo2.myshopify.com/de/collections/shop/products/brown-long-shoes.html]
[porto-demo2.myshopify.com/de/collections/shop/products/brown-backpack.html]
[porto-demo2.myshopify.com/de/collections/shop/products/blue-shoes.html]
[porto-demo2.myshopify.com/de/collections/top-rated-products/products/POST]
[porto-demo2.myshopify.com/de/collections/top-rated-products/products/men-casual-shoes.html]
[porto-demo2.myshopify.com/de/collections/top-rated-products/products/laptop-case-bag.html]
[porto-demo2.myshopify.com/de/collections/top-rated-products/products/casual-brown-bag.html]
[porto-demo2.myshopify.com/de/collections/top-rated-products/products/blue-shoes.html]
[porto-demo2.myshopify.com/de/collections/watches/products/POST]
[porto-demo2.myshopify.com/de/collections/watches/products/women-spring-casual-shoes.html]
[porto-demo2.myshopify.com/de/collections/watches/products/silver-porto-headset.html]
[porto-demo2.myshopify.com/de/collections/watches/products/brown-backpack.html]
[porto-demo2.myshopify.com/de/products/POST.html]
[porto-demo2.myshopify.com/de/products/men-brown-belt.html]
[porto-demo2.myshopify.com/de/products/men-casual-shoes.html]
[porto-demo2.myshopify.com/de/account/POST.html]
[porto-demo2.myshopify.com/de/products/women-casual-bag-spring.html]
[porto-demo2.myshopify.com/fr/POST.html]
[porto-demo2.myshopify.com/fr/pages/POST.html]
[porto-demo2.myshopify.com/fr/blogs/POST.html]
[porto-demo2.myshopify.com/fr/blogs/news/POST]
[porto-demo2.myshopify.com/fr/blogs/news/post-format-video.html]
[porto-demo2.myshopify.com/fr/blogs/news/post-format-image-gallery.html]
[porto-demo2.myshopify.com/fr/blogs/news/tagged/blog.atom]
[porto-demo2.myshopify.com/fr/blogs/news/tagged/POST.a29.delayed]
[porto-demo2.myshopify.com/fr/blogs/news/tagged/blog.html]
[porto-demo2.myshopify.com/fr/blogs/news/tagged/clothing.atom]
[porto-demo2.myshopify.com/fr/blogs/news/tagged/clothing.html]
[porto-demo2.myshopify.com/fr/blogs/news/tagged/dresses.atom]
[porto-demo2.myshopify.com/fr/blogs/news/tagged/dresses.html]
[porto-demo2.myshopify.com/fr/blogs/news/tagged/fashion.atom]
[porto-demo2.myshopify.com/fr/blogs/news/tagged/fashion.html]
[porto-demo2.myshopify.com/fr/blogs/news/tagged/photography.atom]
[porto-demo2.myshopify.com/fr/blogs/news/tagged/photography.html]
[porto-demo2.myshopify.com/fr/blogs/news/tagged/shoes.atom]
[porto-demo2.myshopify.com/fr/blogs/news/tagged/shoes.html]
[porto-demo2.myshopify.com/fr/blogs/news/tagged/women.atom]
[porto-demo2.myshopify.com/fr/blogs/news/tagged/women.html]
[porto-demo2.myshopify.com/fr/collections/POST.html]
[porto-demo2.myshopify.com/fr/products/silver-porto-headset.oembed]
[porto-demo2.myshopify.com/fr/collections/best-selling-products/products/POST]
[porto-demo2.myshopify.com/fr/collections/best-selling-products/products/silver-porto-headset.html]
[porto-demo2.myshopify.com/fr/products/silver-porto-headset95b3.html]
[porto-demo2.myshopify.com/fr/products/men-brown-belt.oembed]
[porto-demo2.myshopify.com/fr/collections/best-selling-products/products/men-brown-belt.html]
[porto-demo2.myshopify.com/fr/products/men-brown-belt95b3.html]
[porto-demo2.myshopify.com/fr/collections/best-selling-products/products/high-hill-casual.html]
[porto-demo2.myshopify.com/fr/collections/best-selling-products/products/brown-backpack.html]
[porto-demo2.myshopify.com/fr/collections/accessories.atom]
[porto-demo2.myshopify.com/fr/collections/accessories.oembed]
[porto-demo2.myshopify.com/fr/collections/accessories.html]
[porto-demo2.myshopify.com/fr/collections/fashion.atom]
[porto-demo2.myshopify.com/fr/collections/fashion.oembed]
[porto-demo2.myshopify.com/fr/collections/fashion.html]
[porto-demo2.myshopify.com/fr/checkout.html]
[porto-demo2.myshopify.com/fr/products/women-casual-bag-spring.oembed]
[porto-demo2.myshopify.com/fr/collections/blouse/products/POST]
[porto-demo2.myshopify.com/fr/collections/blouse/products/women-casual-bag-spring.html]
[porto-demo2.myshopify.com/fr/products/women-casual-bag-spring95b3.html]
[porto-demo2.myshopify.com/fr/products/men-casual-shoes.oembed]
[porto-demo2.myshopify.com/fr/collections/blouse/products/men-casual-shoes.html]
[porto-demo2.myshopify.com/fr/products/men-casual-shoes95b3.html]
[porto-demo2.myshopify.com/fr/collections/blouse/products/men-brown-belt.html]
[porto-demo2.myshopify.com/fr/collections/blouse/products/laptop-case-bag.html]
[porto-demo2.myshopify.com/fr/collections/blouse/products/blue-shoes.html]
[porto-demo2.myshopify.com/fr/collections/dress/products/POST]
[porto-demo2.myshopify.com/fr/collections/dress/products/women-casual-bag-spring.html]
[porto-demo2.myshopify.com/fr/collections/dress/products/men-casual-shoes.html]
[porto-demo2.myshopify.com/fr/collections/dress/products/men-brown-belt.html]
[porto-demo2.myshopify.com/fr/collections/dress/products/laptop-case-bag.html]
[porto-demo2.myshopify.com/fr/collections/dress/products/blue-shoes.html]
[porto-demo2.myshopify.com/fr/collections/electronics/products/POST]
[porto-demo2.myshopify.com/fr/collections/electronics/products/high-hill-casual.html]
[porto-demo2.myshopify.com/fr/collections/electronics/products/brown-long-shoes.html]
[porto-demo2.myshopify.com/fr/collections/electronics/products/blue-high-hill.html]
[porto-demo2.myshopify.com/fr/collections/featured-products/products/POST]
[porto-demo2.myshopify.com/fr/collections/featured-products/products/silver-porto-headset.html]
[porto-demo2.myshopify.com/fr/collections/featured-products/products/high-hill-casual.html]
[porto-demo2.myshopify.com/fr/collections/featured-products/products/brown-long-shoes.html]
[porto-demo2.myshopify.com/fr/collections/featured-products/products/brown-backpack.html]
[porto-demo2.myshopify.com/fr/collections/featured-products/products/blue-shoes.html]
[porto-demo2.myshopify.com/fr/collections/latest-products/products/POST]
[porto-demo2.myshopify.com/fr/collections/latest-products/products/men-casual-shoes.html]
[porto-demo2.myshopify.com/fr/collections/latest-products/products/laptop-case-bag.html]
[porto-demo2.myshopify.com/fr/collections/latest-products/products/casual-brown-bag.html]
[porto-demo2.myshopify.com/fr/collections/latest-products/products/brown-long-shoes.html]
[porto-demo2.myshopify.com/fr/collections/shop2679.html]
[porto-demo2.myshopify.com/fr/collections/shop4658.oembed]
[porto-demo2.myshopify.com/fr/collections/shop/products/blue-high-hill.html]
[porto-demo2.myshopify.com/fr/collections/shop/products/black-belt.html]
[porto-demo2.myshopify.com/fr/collections/shop4658.html]
[porto-demo2.myshopify.com/fr/products/women-spring-casual-shoes.oembed]
[porto-demo2.myshopify.com/fr/collections/shop/products/POST]
[porto-demo2.myshopify.com/fr/collections/shop/products/women-spring-casual-shoes.html]
[porto-demo2.myshopify.com/fr/products/women-spring-casual-shoes95b3.html]
[porto-demo2.myshopify.com/fr/collections/shop/products/women-casual-bag-spring.html]
[porto-demo2.myshopify.com/fr/collections/shop/products/travel-bag.html]
[porto-demo2.myshopify.com/fr/products/travel-bag95b3.html]
[porto-demo2.myshopify.com/fr/collections/shop/products/silver-porto-headset.html]
[porto-demo2.myshopify.com/fr/collections/shop/products/men-casual-shoes.html]
[porto-demo2.myshopify.com/fr/products/travel-bag.oembed]
[porto-demo2.myshopify.com/fr/collections/shop/products/men-brown-belt.html]
[porto-demo2.myshopify.com/fr/collections/shop/products/laptop-case-bag.html]
[porto-demo2.myshopify.com/fr/collections/shop/products/high-hill-casual.html]
[porto-demo2.myshopify.com/fr/collections/shop/products/casual-brown-bag.html]
[porto-demo2.myshopify.com/fr/collections/shop/products/brown-long-shoes.html]
[porto-demo2.myshopify.com/fr/collections/shop/products/brown-backpack.html]
[porto-demo2.myshopify.com/fr/collections/shop/products/blue-shoes.html]
[porto-demo2.myshopify.com/fr/collections/top-rated-products/products/POST]
[porto-demo2.myshopify.com/fr/collections/top-rated-products/products/men-casual-shoes.html]
[porto-demo2.myshopify.com/fr/collections/top-rated-products/products/laptop-case-bag.html]
[porto-demo2.myshopify.com/fr/collections/top-rated-products/products/casual-brown-bag.html]
[porto-demo2.myshopify.com/fr/collections/top-rated-products/products/blue-shoes.html]
[porto-demo2.myshopify.com/fr/collections/watches/products/POST]
[porto-demo2.myshopify.com/fr/collections/watches/products/women-spring-casual-shoes.html]
[porto-demo2.myshopify.com/fr/collections/watches/products/silver-porto-headset.html]
[porto-demo2.myshopify.com/fr/collections/watches/products/brown-backpack.html]
[porto-demo2.myshopify.com/collections/all.atom]
[porto-demo2.myshopify.com/collections/all4658.html]
[porto-demo2.myshopify.com/de/collections/all.html]
[porto-demo2.myshopify.com/fr/collections/all.html]
[porto-demo2.myshopify.com/collections/all.html]
[porto-demo2.myshopify.com/fr/products/POST.html]
[porto-demo2.myshopify.com/fr/products/men-brown-belt.html]
[porto-demo2.myshopify.com/fr/products/men-casual-shoes.html]
[porto-demo2.myshopify.com/fr/account/POST.html]
[porto-demo2.myshopify.com/fr/products/women-casual-bag-spring.html]
[porto-demo2.myshopify.com/de/account/register.html]
[porto-demo2.myshopify.com/fr/account/register.html]
[porto-demo2.myshopify.com/blogs/news/POST.html]
[porto-demo2.myshopify.com/blogs/news/tagged/POST.html]
[porto-demo2.myshopify.com/cart/POST.html]
[porto-demo2.myshopify.com/products/silver-porto-headset.html]
[porto-demo2.myshopify.com/de/products/silver-porto-headset.html]
[porto-demo2.myshopify.com/fr/products/silver-porto-headset.html]
[porto-demo2.myshopify.com/collections/best-selling-products/products/POST.html]
[porto-demo2.myshopify.com/collections/blouse/products/POST.html]
[porto-demo2.myshopify.com/collections/dress/products/POST.html]
[porto-demo2.myshopify.com/collections/electronics/products/POST.html]
[porto-demo2.myshopify.com/collections/featured-products/products/POST.html]
[porto-demo2.myshopify.com/collections/latest-products/products/POST.html]
[porto-demo2.myshopify.com/collections/shop2679.html]
[porto-demo2.myshopify.com/collections/shop/products/blue-high-hill.html]
[porto-demo2.myshopify.com/collections/shop/products/black-belt.html]
[porto-demo2.myshopify.com/products/women-spring-casual-shoes.html]
[porto-demo2.myshopify.com/de/products/women-spring-casual-shoes.html]
[porto-demo2.myshopify.com/fr/products/women-spring-casual-shoes.html]
[porto-demo2.myshopify.com/collections/shop/products/POST.html]
[porto-demo2.myshopify.com/products/travel-bag.html]
[porto-demo2.myshopify.com/de/products/travel-bag.html]
[porto-demo2.myshopify.com/fr/products/travel-bag.html]
[porto-demo2.myshopify.com/collections/top-rated-products/products/POST.html]
[porto-demo2.myshopify.com/collections/watches/products/POST.html]
[porto-demo2.myshopify.com/de/blogs/news/POST.html]
[porto-demo2.myshopify.com/de/blogs/news/tagged/POST.html]
[porto-demo2.myshopify.com/de/collections/best-selling-products/products/POST.html]
[porto-demo2.myshopify.com/de/collections/blouse/products/POST.html]
[porto-demo2.myshopify.com/de/collections/dress/products/POST.html]
[porto-demo2.myshopify.com/de/collections/electronics/products/POST.html]
[porto-demo2.myshopify.com/de/checkout.html]
[porto-demo2.myshopify.com/de/collections/featured-products/products/POST.html]
[porto-demo2.myshopify.com/de/collections/latest-products/products/POST.html]
[porto-demo2.myshopify.com/de/collections/shop2679.html]
[porto-demo2.myshopify.com/de/collections/shop/products/blue-high-hill.html]
[porto-demo2.myshopify.com/de/collections/shop/products/black-belt.html]
[porto-demo2.myshopify.com/de/collections/shop/products/POST.html]
[porto-demo2.myshopify.com/de/collections/top-rated-products/products/POST.html]
[porto-demo2.myshopify.com/de/collections/watches/products/POST.html]
[porto-demo2.myshopify.com/fr/blogs/news/POST.html]
[porto-demo2.myshopify.com/fr/blogs/news/tagged/POST.html]
[porto-demo2.myshopify.com/fr/collections/best-selling-products/products/POST.html]
[porto-demo2.myshopify.com/fr/collections/blouse/products/POST.html]
[porto-demo2.myshopify.com/fr/collections/dress/products/POST.html]
[porto-demo2.myshopify.com/fr/collections/electronics/products/POST.html]
[porto-demo2.myshopify.com/fr/collections/featured-products/products/POST.html]
[porto-demo2.myshopify.com/fr/collections/latest-products/products/POST.html]
[porto-demo2.myshopify.com/fr/collections/shop2679.html]
[porto-demo2.myshopify.com/fr/collections/shop/products/blue-high-hill.html]
[porto-demo2.myshopify.com/fr/collections/shop/products/black-belt.html]
[porto-demo2.myshopify.com/fr/collections/shop/products/POST.html]
[porto-demo2.myshopify.com/fr/collections/top-rated-products/products/POST.html]
[porto-demo2.myshopify.com/fr/collections/watches/products/POST.html]
[porto-demo2.myshopify.com/collections/all2679.html]
[porto-demo2.myshopify.com/de/collections/all4658.html]
[porto-demo2.myshopify.com/fr/collections/all4658.html]
[porto-demo2.myshopify.com/collections/all4658.html]
[porto-demo2.myshopify.com/de/collections/all.atom]
[porto-demo2.myshopify.com/de/collections/all.html]
[porto-demo2.myshopify.com/fr/collections/all.atom]
[porto-demo2.myshopify.com/fr/collections/all.html]
[porto-demo2.myshopify.com/de/collections/all2679.html]
[porto-demo2.myshopify.com/fr/collections/all2679.html]
[porto-demo2.myshopify.com/collections/all2679.html]
[porto-demo2.myshopify.com/de/collections/all4658.html]
[porto-demo2.myshopify.com/fr/collections/all4658.html]
[porto-demo2.myshopify.com/de/collections/all2679.html]
[porto-demo2.myshopify.com/fr/collections/all2679.html]
